ARM Linker, 5.03 [Build 24] [MDK-ARM Standard]

==============================================================================

Section Cross References

    app.o(i.App_TCBInitHook) refers (Special) to compat_c99.o(.text) for __use_c99_library
    app.o(i.App_TaskCreateHook) refers (Special) to compat_c99.o(.text) for __use_c99_library
    app.o(i.App_TaskDelHook) refers (Special) to compat_c99.o(.text) for __use_c99_library
    app.o(i.App_TaskIdleHook) refers (Special) to compat_c99.o(.text) for __use_c99_library
    app.o(i.App_TaskStart) refers (Special) to compat_c99.o(.text) for __use_c99_library
    app.o(i.App_TaskStart) refers to bsp.o(i.BSP_Init) for BSP_Init
    app.o(i.App_TaskStart) refers to os_cpu_c.o(i.OS_CPU_SysTickInit) for OS_CPU_SysTickInit
    app.o(i.App_TaskStart) refers to tftdriver.o(i.TFT_Init) for TFT_Init
    app.o(i.App_TaskStart) refers to os_core.o(i.OSStatInit) for OSStatInit
    app.o(i.App_TaskStart) refers to gps.o(i.GPS_Init) for GPS_Init
    app.o(i.App_TaskStart) refers to gps_com_driver.o(i.GPS_RxIntEn) for GPS_RxIntEn
    app.o(i.App_TaskStart) refers to gsm_tasks.o(i.GSM_Init) for GSM_Init
    app.o(i.App_TaskStart) refers to gsm_com_driver.o(i.GSM_RxIntEn) for GSM_RxIntEn
    app.o(i.App_TaskStart) refers to stm32f10x_gpio.o(i.GPIO_SetBits) for GPIO_SetBits
    app.o(i.App_TaskStart) refers to os_time.o(i.OSTimeDlyHMSM) for OSTimeDlyHMSM
    app.o(i.App_TaskStart) refers to stm32f10x_gpio.o(i.GPIO_ResetBits) for GPIO_ResetBits
    app.o(i.App_TaskStart) refers to stm32f10x_iwdg.o(i.IWDG_ReloadCounter) for IWDG_ReloadCounter
    app.o(i.App_TaskStatHook) refers (Special) to compat_c99.o(.text) for __use_c99_library
    app.o(i.App_TaskSwHook) refers (Special) to compat_c99.o(.text) for __use_c99_library
    app.o(i.App_TimeTickHook) refers (Special) to compat_c99.o(.text) for __use_c99_library
    app.o(i.main) refers (Special) to compat_c99.o(.text) for __use_c99_library
    app.o(i.main) refers to bsp.o(i.BSP_Init) for BSP_Init
    app.o(i.main) refers to bsp_int.o(i.BSP_IntDisAll) for BSP_IntDisAll
    app.o(i.main) refers to os_core.o(i.OSInit) for OSInit
    app.o(i.main) refers to os_task.o(i.OSTaskCreateExt) for OSTaskCreateExt
    app.o(i.main) refers to os_task.o(i.OSTaskNameSet) for OSTaskNameSet
    app.o(i.main) refers to os_core.o(i.OSStart) for OSStart
    app.o(i.main) refers to app.o(.bss) for .bss
    app.o(i.main) refers to app.o(i.App_TaskStart) for App_TaskStart
    app.o(.bss) refers (Special) to compat_c99.o(.text) for __use_c99_library
    vectors.o(VECT) refers to init.o(INIT) for ResetHndlr
    vectors.o(VECT) refers to os_cpu_a.o(.text) for OS_CPU_PendSVHandler
    vectors.o(VECT) refers to os_cpu_c.o(i.OS_CPU_SysTickHandler) for OS_CPU_SysTickHandler
    vectors.o(VECT) refers to bsp_int.o(i.BSP_IntHandlerWWDG) for BSP_IntHandlerWWDG
    vectors.o(VECT) refers to bsp_int.o(i.BSP_IntHandlerPVD) for BSP_IntHandlerPVD
    vectors.o(VECT) refers to bsp_int.o(i.BSP_IntHandlerTAMPER) for BSP_IntHandlerTAMPER
    vectors.o(VECT) refers to bsp_int.o(i.BSP_IntHandlerRTC) for BSP_IntHandlerRTC
    vectors.o(VECT) refers to bsp_int.o(i.BSP_IntHandlerFLASH) for BSP_IntHandlerFLASH
    vectors.o(VECT) refers to bsp_int.o(i.BSP_IntHandlerRCC) for BSP_IntHandlerRCC
    vectors.o(VECT) refers to bsp_int.o(i.BSP_IntHandlerEXTI0) for BSP_IntHandlerEXTI0
    vectors.o(VECT) refers to bsp_int.o(i.BSP_IntHandlerEXTI1) for BSP_IntHandlerEXTI1
    vectors.o(VECT) refers to bsp_int.o(i.BSP_IntHandlerEXTI2) for BSP_IntHandlerEXTI2
    vectors.o(VECT) refers to bsp_int.o(i.BSP_IntHandlerEXTI3) for BSP_IntHandlerEXTI3
    vectors.o(VECT) refers to bsp_int.o(i.BSP_IntHandlerEXTI4) for BSP_IntHandlerEXTI4
    vectors.o(VECT) refers to bsp_int.o(i.BSP_IntHandlerDMA1_CH1) for BSP_IntHandlerDMA1_CH1
    vectors.o(VECT) refers to bsp_int.o(i.BSP_IntHandlerDMA1_CH2) for BSP_IntHandlerDMA1_CH2
    vectors.o(VECT) refers to bsp_int.o(i.BSP_IntHandlerDMA1_CH3) for BSP_IntHandlerDMA1_CH3
    vectors.o(VECT) refers to bsp_int.o(i.BSP_IntHandlerDMA1_CH4) for BSP_IntHandlerDMA1_CH4
    vectors.o(VECT) refers to bsp_int.o(i.BSP_IntHandlerDMA1_CH5) for BSP_IntHandlerDMA1_CH5
    vectors.o(VECT) refers to bsp_int.o(i.BSP_IntHandlerDMA1_CH6) for BSP_IntHandlerDMA1_CH6
    vectors.o(VECT) refers to bsp_int.o(i.BSP_IntHandlerDMA1_CH7) for BSP_IntHandlerDMA1_CH7
    vectors.o(VECT) refers to bsp_int.o(i.BSP_IntHandlerADC1_2) for BSP_IntHandlerADC1_2
    vectors.o(VECT) refers to bsp_int.o(i.BSP_IntHandlerUSB_HP_CAN_TX) for BSP_IntHandlerUSB_HP_CAN_TX
    vectors.o(VECT) refers to bsp_int.o(i.BSP_IntHandlerUSB_LP_CAN_RX0) for BSP_IntHandlerUSB_LP_CAN_RX0
    vectors.o(VECT) refers to bsp_int.o(i.BSP_IntHandlerCAN_RX1) for BSP_IntHandlerCAN_RX1
    vectors.o(VECT) refers to bsp_int.o(i.BSP_IntHandlerCAN_SCE) for BSP_IntHandlerCAN_SCE
    vectors.o(VECT) refers to bsp_int.o(i.BSP_IntHandlerEXTI9_5) for BSP_IntHandlerEXTI9_5
[...]
    __rt_ctype_table                         0x08000c2d   Thumb Code    16  rt_ctype_table.o(.text)
    __rt_locale                              0x08000c3d   Thumb Code     8  rt_locale_intlibspace.o(.text)
    _ll_udiv10                               0x08000c45   Thumb Code   138  lludiv10.o(.text)
    isspace                                  0x08000ccf   Thumb Code    18  isspace.o(.text)
    _printf_fp_infnan                        0x08000ce1   Thumb Code   112  _printf_fp_infnan.o(.text)
    _sgetc                                   0x08000d61   Thumb Code    30  _sgetc.o(.text)
    _sbackspace                              0x08000d7f   Thumb Code    34  _sgetc.o(.text)
    _strtoul                                 0x08000da1   Thumb Code   158  _strtoul.o(.text)
    _btod_etento                             0x08000e41   Thumb Code   222  bigflt0.o(.text)
    _chval                                   0x08000f25   Thumb Code    28  _chval.o(.text)
    _scanf_really_real                       0x08001139   Thumb Code   672  scanf_fp.o(.text)
    exit                                     0x080013e5   Thumb Code    12  exit.o(.text)
    __I$use$semihosting                      0x080013f1   Thumb Code     0  use_no_semi.o(.text)
    __use_no_semihosting_swi                 0x080013f1   Thumb Code     2  use_no_semi.o(.text)
    __semihosting_library_function           0x080013f3   Thumb Code     0  indicate_semi.o(.text)
    _scanf_really_hex_real                   0x080013f5   Thumb Code   776  scanf_hexfp.o(.text)
    _scanf_really_infnan                     0x08001709   Thumb Code   298  scanf_infnan.o(.text)
    _sys_exit                                0x08001845   Thumb Code     8  sys_exit.o(.text)
    __aeabi_llsl                             0x08001851   Thumb Code     0  llshl.o(.text)
    _ll_shift_l                              0x08001851   Thumb Code    38  llshl.o(.text)
    _btod_d2e                                0x08001877   Thumb Code    62  btod.o(CL$$btod_d2e)
    _d2e_denorm_low                          0x080018b5   Thumb Code    70  btod.o(CL$$btod_d2e_denorm_low)
    _d2e_norm_op1                            0x080018fb   Thumb Code    96  btod.o(CL$$btod_d2e_norm_op1)
    __btod_div_common                        0x0800195b   Thumb Code   696  btod.o(CL$$btod_div_common)
    _e2d                                     0x08001c95   Thumb Code    80  btod.o(CL$$btod_e2d)
    _e2e                                     0x08001ce9   Thumb Code   198  btod.o(CL$$btod_e2e)
    _btod_ediv                               0x08001daf   Thumb Code    40  btod.o(CL$$btod_ediv)
    _btod_edivd                              0x08001dd7   Thumb Code    40  btod.o(CL$$btod_edivd)
    _btod_emul                               0x08001dff   Thumb Code    40  btod.o(CL$$btod_emul)
    _btod_emuld                              0x08001e27   Thumb Code    40  btod.o(CL$$btod_emuld)
    __btod_mult_common                       0x08001e4f   Thumb Code   580  btod.o(CL$$btod_mult_common)
    ResetHndlr                               0x08002095   Thumb Code     0  init.o(INIT)
    ADC_Cmd                                  0x0800209d   Thumb Code    18  stm32f10x_adc.o(i.ADC_Cmd)
    ADC_DMACmd                               0x080020af   Thumb Code    18  stm32f10x_adc.o(i.ADC_DMACmd)
    ADC_GetCalibrationStatus                 0x080020c1   Thumb Code    16  stm32f10x_adc.o(i.ADC_GetCalibrationStatus)
    ADC_GetResetCalibrationStatus            0x080020d1   Thumb Code    16  stm32f10x_adc.o(i.ADC_GetResetCalibrationStatus)
    ADC_Init                                 0x080020e1   Thumb Code    70  stm32f10x_adc.o(i.ADC_Init)
    ADC_RegularChannelConfig                 0x08002169   Thumb Code   144  stm32f10x_adc.o(i.ADC_RegularChannelConfig)
    ADC_ResetCalibration                     0x080021f9   Thumb Code    10  stm32f10x_adc.o(i.ADC_ResetCalibration)
    ADC_SoftwareStartConvCmd                 0x08002203   Thumb Code    18  stm32f10x_adc.o(i.ADC_SoftwareStartConvCmd)
    ADC_StartCalibration                     0x08002215   Thumb Code    10  stm32f10x_adc.o(i.ADC_StartCalibration)
    ADXL345_Init                             0x0800221f   Thumb Code   364  gsm_user_api.o(i.ADXL345_Init)
    ADXL345_Test                             0x0800238b   Thumb Code     4  gsm_user_api.o(i.ADXL345_Test)
    App_TCBInitHook                          0x0800238f   Thumb Code     2  app.o(i.App_TCBInitHook)
    App_TaskCreateHook                       0x08002391   Thumb Code     2  app.o(i.App_TaskCreateHook)
    App_TaskIdleHook                         0x08002393   Thumb Code     2  app.o(i.App_TaskIdleHook)
    App_TaskStatHook                         0x08002415   Thumb Code     2  app.o(i.App_TaskStatHook)
    App_TaskSwHook                           0x08002417   Thumb Code     2  app.o(i.App_TaskSwHook)
    App_TimeTickHook                         0x08002419   Thumb Code     2  app.o(i.App_TimeTickHook)
    BSP_GPIO_Init                            0x0800241d   Thumb Code   264  bsp.o(i.BSP_GPIO_Init)
    BSP_Init                                 0x08002539   Thumb Code   642  bsp.o(i.BSP_Init)
    BSP_IntDisAll                            0x080027e9   Thumb Code     4  bsp_int.o(i.BSP_IntDisAll)
    BSP_IntEn                                0x080027ed   Thumb Code    14  bsp_int.o(i.BSP_IntEn)
    BSP_IntHandlerADC1_2                     0x08002831   Thumb Code     6  bsp_int.o(i.BSP_IntHandlerADC1_2)
    BSP_IntHandlerCAN_RX1                    0x08002837   Thumb Code     6  bsp_int.o(i.BSP_IntHandlerCAN_RX1)
    BSP_IntHandlerCAN_SCE                    0x0800283d   Thumb Code     6  bsp_int.o(i.BSP_IntHandlerCAN_SCE)
    BSP_IntHandlerDMA1_CH1                   0x08002843   Thumb Code     6  bsp_int.o(i.BSP_IntHandlerDMA1_CH1)
    BSP_IntHandlerDMA1_CH2                   0x08002849   Thumb Code     6  bsp_int.o(i.BSP_IntHandlerDMA1_CH2)
    BSP_IntHandlerDMA1_CH3                   0x0800284f   Thumb Code     6  bsp_int.o(i.BSP_IntHandlerDMA1_CH3)
    BSP_IntHandlerDMA1_CH4                   0x08002855   Thumb Code     6  bsp_int.o(i.BSP_IntHandlerDMA1_CH4)
    BSP_IntHandlerDMA1_CH5                   0x0800285b   Thumb Code     6  bsp_int.o(i.BSP_IntHandlerDMA1_CH5)
    BSP_IntHandlerDMA1_CH6                   0x08002861   Thumb Code     6  bsp_int.o(i.BSP_IntHandlerDMA1_CH6)
    BSP_IntHandlerDMA1_CH7                   0x08002867   Thumb Code     6  bsp_int.o(i.BSP_IntHandlerDMA1_CH7)
    BSP_IntHandlerEXTI0                      0x0800286f   Thumb Code     6  bsp_int.o(i.BSP_IntHandlerEXTI0)
    BSP_IntHandlerEXTI1                      0x08002875   Thumb Code     6  bsp_int.o(i.BSP_IntHandlerEXTI1)
    BSP_IntHandlerEXTI15_10                  0x0800287b   Thumb Code     6  bsp_int.o(i.BSP_IntHandlerEXTI15_10)
    BSP_IntHandlerEXTI2                      0x08002881   Thumb Code     6  bsp_int.o(i.BSP_IntHandlerEXTI2)
    BSP_IntHandlerEXTI3                      0x08002887   Thumb Code     6  bsp_int.o(i.BSP_IntHandlerEXTI3)
    BSP_IntHandlerEXTI4                      0x0800288d   Thumb Code     6  bsp_int.o(i.BSP_IntHandlerEXTI4)
    BSP_IntHandlerEXTI9_5                    0x08002893   Thumb Code     6  bsp_int.o(i.BSP_IntHandlerEXTI9_5)
    BSP_IntHandlerFLASH                      0x08002899   Thumb Code     6  bsp_int.o(i.BSP_IntHandlerFLASH)
    BSP_IntHandlerI2C1_ER                    0x0800289f   Thumb Code     6  bsp_int.o(i.BSP_IntHandlerI2C1_ER)
    BSP_IntHandlerI2C1_EV                    0x080028a5   Thumb Code     6  bsp_int.o(i.BSP_IntHandlerI2C1_EV)
    BSP_IntHandlerI2C2_ER                    0x080028ab   Thumb Code     6  bsp_int.o(i.BSP_IntHandlerI2C2_ER)
    BSP_IntHandlerI2C2_EV                    0x080028b1   Thumb Code     6  bsp_int.o(i.BSP_IntHandlerI2C2_EV)
    BSP_IntHandlerPVD                        0x080028b7   Thumb Code     6  bsp_int.o(i.BSP_IntHandlerPVD)
    BSP_IntHandlerRCC                        0x080028bd   Thumb Code     6  bsp_int.o(i.BSP_IntHandlerRCC)
    BSP_IntHandlerRTC                        0x080028c3   Thumb Code     6  bsp_int.o(i.BSP_IntHandlerRTC)
    BSP_IntHandlerRTCAlarm                   0x080028c9   Thumb Code     6  bsp_int.o(i.BSP_IntHandlerRTCAlarm)
    BSP_IntHandlerSPI1                       0x080028cf   Thumb Code     6  bsp_int.o(i.BSP_IntHandlerSPI1)
    BSP_IntHandlerSPI2                       0x080028d5   Thumb Code     6  bsp_int.o(i.BSP_IntHandlerSPI2)
    BSP_IntHandlerTAMPER                     0x080028db   Thumb Code     6  bsp_int.o(i.BSP_IntHandlerTAMPER)
    BSP_IntHandlerTIM1_BRK                   0x080028e1   Thumb Code     6  bsp_int.o(i.BSP_IntHandlerTIM1_BRK)
    BSP_IntHandlerTIM1_CC                    0x080028e7   Thumb Code     6  bsp_int.o(i.BSP_IntHandlerTIM1_CC)
    BSP_IntHandlerTIM1_TRG_COM               0x080028ed   Thumb Code     6  bsp_int.o(i.BSP_IntHandlerTIM1_TRG_COM)
    BSP_IntHandlerTIM1_UP                    0x080028f3   Thumb Code     6  bsp_int.o(i.BSP_IntHandlerTIM1_UP)
    BSP_IntHandlerTIM2                       0x080028f9   Thumb Code     6  bsp_int.o(i.BSP_IntHandlerTIM2)
    BSP_IntHandlerTIM3                       0x080028ff   Thumb Code     6  bsp_int.o(i.BSP_IntHandlerTIM3)
    BSP_IntHandlerTIM4                       0x08002905   Thumb Code     6  bsp_int.o(i.BSP_IntHandlerTIM4)
    BSP_IntHandlerUSART1                     0x0800290b   Thumb Code     6  bsp_int.o(i.BSP_IntHandlerUSART1)
    BSP_IntHandlerUSART2                     0x08002911   Thumb Code     6  bsp_int.o(i.BSP_IntHandlerUSART2)
    BSP_IntHandlerUSART3                     0x08002917   Thumb Code     6  bsp_int.o(i.BSP_IntHandlerUSART3)
    BSP_IntHandlerUSBWakeUp                  0x0800291d   Thumb Code     6  bsp_int.o(i.BSP_IntHandlerUSBWakeUp)
    BSP_IntHandlerUSB_HP_CAN_TX              0x08002923   Thumb Code     6  bsp_int.o(i.BSP_IntHandlerUSB_HP_CAN_TX)
    BSP_IntHandlerUSB_LP_CAN_RX0             0x08002929   Thumb Code     6  bsp_int.o(i.BSP_IntHandlerUSB_LP_CAN_RX0)
    BSP_IntHandlerWWDG                       0x0800292f   Thumb Code     6  bsp_int.o(i.BSP_IntHandlerWWDG)
    BSP_IntInit                              0x08002935   Thumb Code    32  bsp_int.o(i.BSP_IntInit)
    BSP_IntVectSet                           0x0800295d   Thumb Code    30  bsp_int.o(i.BSP_IntVectSet)
    BSP_PeriphEn                             0x08002981   Thumb Code   148  bsp_periph.o(i.BSP_PeriphEn)
    CPU_IntSrcEn                             0x08002a19   Thumb Code   192  cpu_c.o(i.CPU_IntSrcEn)
    DMA_ClearITPendingBit                    0x08002add   Thumb Code    16  stm32f10x_dma.o(i.DMA_ClearITPendingBit)
    DMA_Cmd                                  0x08002af5   Thumb Code    18  stm32f10x_dma.o(i.DMA_Cmd)
    DMA_DeInit                               0x08002b09   Thumb Code   212  stm32f10x_dma.o(i.DMA_DeInit)
    DMA_GetITStatus                          0x08002bf1   Thumb Code    24  stm32f10x_dma.o(i.DMA_GetITStatus)
    DMA_ITConfig                             0x08002c11   Thumb Code    16  stm32f10x_dma.o(i.DMA_ITConfig)
    DMA_Init                                 0x08002c21   Thumb Code    82  stm32f10x_dma.o(i.DMA_Init)
    EE_Init                                  0x08002cb1   Thumb Code   608  eeprom.o(i.EE_Init)
    EE_ReadVariable                          0x08002f25   Thumb Code    66  eeprom.o(i.EE_ReadVariable)
    EE_WriteVariable                         0x08002fc5   Thumb Code   224  eeprom.o(i.EE_WriteVariable)
    FLASH_ErasePage                          0x080030b5   Thumb Code    64  stm32f10x_flash.o(i.FLASH_ErasePage)
    FLASH_PrefetchBufferCmd                  0x080030f9   Thumb Code    18  stm32f10x_flash.o(i.FLASH_PrefetchBufferCmd)
    FLASH_ProgramHalfWord                    0x08003111   Thumb Code    54  stm32f10x_flash.o(i.FLASH_ProgramHalfWord)
    FLASH_SetLatency                         0x0800314d   Thumb Code    18  stm32f10x_flash.o(i.FLASH_SetLatency)
    FLASH_Unlock                             0x08003165   Thumb Code    12  stm32f10x_flash.o(i.FLASH_Unlock)
    FLASH_WaitForLastOperation               0x0800317d   Thumb Code   126  stm32f10x_flash.o(i.FLASH_WaitForLastOperation)
    FSMC_NORSRAMCmd                          0x08003201   Thumb Code    26  stm32f10x_fsmc.o(i.FSMC_NORSRAMCmd)
    FSMC_NORSRAMInit                         0x08003221   Thumb Code   222  stm32f10x_fsmc.o(i.FSMC_NORSRAMInit)
    GB2312_Add                               0x08003301   Thumb Code   202  gt20l16p1y.o(i.GB2312_Add)
    GB2UnicodeStr                            0x080033d9   Thumb Code   256  gsm_gb2312_unicode.o(i.GB2UnicodeStr)
    GPDataReset                              0x080034dd   Thumb Code   264  gps.o(i.GPDataReset)
    GPIO_Init                                0x080035f5   Thumb Code   188  stm32f10x_gpio.o(i.GPIO_Init)
    GPIO_ReadInputDataBit                    0x080036b1   Thumb Code    14  stm32f10x_gpio.o(i.GPIO_ReadInputDataBit)
    GPIO_ResetBits                           0x080036bf   Thumb Code     4  stm32f10x_gpio.o(i.GPIO_ResetBits)
    GPIO_SetBits                             0x080036c3   Thumb Code     4  stm32f10x_gpio.o(i.GPIO_SetBits)
    GPS_Init                                 0x080036c9   Thumb Code   142  gps.o(i.GPS_Init)
    GPS_InitTarget                           0x08003781   Thumb Code   160  gps_com_driver.o(i.GPS_InitTarget)
    GPS_RxHandler                            0x0800382d   Thumb Code     4  gps.o(i.GPS_RxHandler)
    GPS_RxIntEn                              0x08003831   Thumb Code    12  gps_com_driver.o(i.GPS_RxIntEn)
    GPS_RxTxISRHandler                       0x08003841   Thumb Code   114  gps_com_driver.o(i.GPS_RxTxISRHandler)
    GPS_TxHandler                            0x08003ab5   Thumb Code     2  gps.o(i.GPS_TxHandler)
    GSM_Answer_CALL                          0x08003ab9   Thumb Code    24  gsm_txd.o(i.GSM_Answer_CALL)
    GSM_CALL                                 0x08003ad9   Thumb Code    48  gsm_txd.o(i.GSM_CALL)
    GSM_COM_ISR                              0x08003b19   Thumb Code   188  gsm_rxd.o(i.GSM_COM_ISR)
    GSM_Configuration                        0x08003bfd   Thumb Code   250  gsm_txd.o(i.GSM_Configuration)
    GSM_GPRS_SEND                            0x08003d99   Thumb Code    64  gsm_txd.o(i.GSM_GPRS_SEND)
    GSM_GPRS_UDP_Connect                     0x08003de9   Thumb Code   124  gsm_txd.o(i.GSM_GPRS_UDP_Connect)
    GSM_GetField                             0x08003eb1   Thumb Code   110  gsm_rxd.o(i.GSM_GetField)
    GSM_Init                                 0x08003f21   Thumb Code    78  gsm_tasks.o(i.GSM_Init)
    GSM_InitTarget                           0x08003f8d   Thumb Code   156  gsm_com_driver.o(i.GSM_InitTarget)
    GSM_InvertNumbers                        0x08004035   Thumb Code   122  gsm_txd.o(i.GSM_InvertNumbers)
    GSM_LBS_Refresh                          0x080040b5   Thumb Code    16  gsm_txd.o(i.GSM_LBS_Refresh)
    GSM_Process_switch                       0x080040d9   Thumb Code   126  gsm_rxd.o(i.GSM_Process_switch)
    GSM_RxHandler                            0x08004189   Thumb Code    16  gsm_rxd.o(i.GSM_RxHandler)
    GSM_RxIntEn                              0x0800419d   Thumb Code    12  gsm_com_driver.o(i.GSM_RxIntEn)
    GSM_RxTxISRHandler                       0x080041ad   Thumb Code   122  gsm_com_driver.o(i.GSM_RxTxISRHandler)
    GSM_START                                0x08004231   Thumb Code    96  gsm_tasks.o(i.GSM_START)
    GSM_Send_CN_MSG                          0x08004295   Thumb Code   346  gsm_txd.o(i.GSM_Send_CN_MSG)
    GSM_Send_CN_MSG2                         0x0800445d   Thumb Code   262  gsm_txd.o(i.GSM_Send_CN_MSG2)
    GSM_Send_TXT_CMG                         0x080045b1   Thumb Code    86  gsm_txd.o(i.GSM_Send_TXT_CMG)
    GSM_TxChar                               0x08004a39   Thumb Code    26  gsm_com_driver.o(i.GSM_TxChar)
    GSM_TxString                             0x08004a59   Thumb Code    44  gsm_com_driver.o(i.GSM_TxString)
    GSM_Wait_OK                              0x08004a89   Thumb Code    48  gsm_txd.o(i.GSM_Wait_OK)
    GT_Read_nByte                            0x08004ac1   Thumb Code    84  gt20l16p1y.o(i.GT_Read_nByte)
    GetField                                 0x08004b19   Thumb Code   116  gps.o(i.GetField)
    Get_Temperature                          0x08004b8d   Thumb Code   152  gsm_user_api.o(i.Get_Temperature)
    Gsenser_ReadREG                          0x08004c3d   Thumb Code    64  gsm_user_api.o(i.Gsenser_ReadREG)
    Gsenser_ReadREG2                         0x08004c81   Thumb Code    82  gsm_user_api.o(i.Gsenser_ReadREG2)
    Gsenser_SHOW_XYZ                         0x08004cd9   Thumb Code   174  gsm_user_api.o(i.Gsenser_SHOW_XYZ)
    Gsenser_WriteREG                         0x08004dd9   Thumb Code    86  gsm_user_api.o(i.Gsenser_WriteREG)
    I2DECa8                                  0x08004e39   Thumb Code    74  gsm_gb2312_unicode.o(i.I2DECa8)
    I2HEXa8                                  0x08004e89   Thumb Code    32  gsm_gb2312_unicode.o(i.I2HEXa8)
    IWDG_Enable                              0x08004ea9   Thumb Code    10  stm32f10x_iwdg.o(i.IWDG_Enable)
    IWDG_ReloadCounter                       0x08004eb9   Thumb Code    10  stm32f10x_iwdg.o(i.IWDG_ReloadCounter)
    IWDG_SetPrescaler                        0x08004ec9   Thumb Code     6  stm32f10x_iwdg.o(i.IWDG_SetPrescaler)
    IWDG_SetReload                           0x08004ed5   Thumb Code     6  stm32f10x_iwdg.o(i.IWDG_SetReload)
    IWDG_WriteAccessCmd                      0x08004ee1   Thumb Code     6  stm32f10x_iwdg.o(i.IWDG_WriteAccessCmd)
    Key_Number_Init                          0x08004eed   Thumb Code    96  gsm_user_api.o(i.Key_Number_Init)
    LCD_SHOW_CN15x16_String                  0x08004f51   Thumb Code   126  gt20l16p1y.o(i.LCD_SHOW_CN15x16_String)
    LCD_Show_CN_Char                         0x08004fd1   Thumb Code   288  gt20l16p1y.o(i.LCD_Show_CN_Char)
    OSDebugInit                              0x080050f9   Thumb Code     2  os_dbg.o(i.OSDebugInit)
    OSEventNameSet                           0x080050fd   Thumb Code    60  os_core.o(i.OSEventNameSet)
    OSInit                                   0x0800513d   Thumb Code   296  os_core.o(i.OSInit)
    OSInitHookBegin                          0x080052a9   Thumb Code     2  os_cpu_c.o(i.OSInitHookBegin)
    OSInitHookEnd                            0x080052ab   Thumb Code     2  os_cpu_c.o(i.OSInitHookEnd)
    OSIntExit                                0x080052ad   Thumb Code    96  os_core.o(i.OSIntExit)
    OSSemCreate                              0x0800531d   Thumb Code    66  os_sem.o(i.OSSemCreate)
    OSSemPend                                0x0800536d   Thumb Code   184  os_sem.o(i.OSSemPend)
    OSSemPost                                0x08005431   Thumb Code    82  os_sem.o(i.OSSemPost)
    OSStart                                  0x08005485   Thumb Code    46  os_core.o(i.OSStart)
    OSStatInit                               0x080054c5   Thumb Code    48  os_core.o(i.OSStatInit)
    OSTCBInitHook                            0x080054f9   Thumb Code     4  os_cpu_c.o(i.OSTCBInitHook)
    OSTaskCreateExt                          0x080054fd   Thumb Code   174  os_task.o(i.OSTaskCreateExt)
    OSTaskCreateHook                         0x080055b9   Thumb Code     4  os_cpu_c.o(i.OSTaskCreateHook)
    OSTaskIdleHook                           0x080055bd   Thumb Code     4  os_cpu_c.o(i.OSTaskIdleHook)
    OSTaskNameSet                            0x080055c1   Thumb Code    80  os_task.o(i.OSTaskNameSet)
    OSTaskStatHook                           0x0800561d   Thumb Code     4  os_cpu_c.o(i.OSTaskStatHook)
    OSTaskStkChk                             0x08005621   Thumb Code   124  os_task.o(i.OSTaskStkChk)
    OSTaskStkInit                            0x080056a5   Thumb Code   116  os_cpu_c.o(i.OSTaskStkInit)
    OSTaskSuspend                            0x08005719   Thumb Code   134  os_task.o(i.OSTaskSuspend)
    OSTaskSwHook                             0x080057b1   Thumb Code     4  os_cpu_c.o(i.OSTaskSwHook)
    OSTimeDly                                0x080057b5   Thumb Code    78  os_time.o(i.OSTimeDly)
    OSTimeDlyHMSM                            0x08005815   Thumb Code    70  os_time.o(i.OSTimeDlyHMSM)
    OSTimeTick                               0x08005861   Thumb Code   172  os_core.o(i.OSTimeTick)
    OSTimeTickHook                           0x08005915   Thumb Code     4  os_cpu_c.o(i.OSTimeTickHook)
    OS_CPU_SysTickClkFreq                    0x08005919   Thumb Code    16  bsp.o(i.OS_CPU_SysTickClkFreq)
    OS_CPU_SysTickHandler                    0x08005929   Thumb Code    30  os_cpu_c.o(i.OS_CPU_SysTickHandler)
    OS_CPU_SysTickInit                       0x0800594d   Thumb Code    40  os_cpu_c.o(i.OS_CPU_SysTickInit)
    OS_EventTaskRdy                          0x08005975   Thumb Code   138  os_core.o(i.OS_EventTaskRdy)
    OS_EventTaskRemove                       0x08005a0d   Thumb Code    36  os_core.o(i.OS_EventTaskRemove)
    OS_EventTaskRemoveMulti                  0x08005a31   Thumb Code    54  os_core.o(i.OS_EventTaskRemoveMulti)
    OS_EventTaskWait                         0x08005a69   Thumb Code    88  os_core.o(i.OS_EventTaskWait)
    OS_EventWaitListInit                     0x08005ac5   Thumb Code    24  os_core.o(i.OS_EventWaitListInit)
    OS_FlagInit                              0x08005add   Thumb Code    58  os_flag.o(i.OS_FlagInit)
    OS_MemClr                                0x08005b25   Thumb Code    22  os_core.o(i.OS_MemClr)
    OS_Sched                                 0x08005b3d   Thumb Code    82  os_core.o(i.OS_Sched)
    OS_TCBInit                               0x08005ba1   Thumb Code   288  os_core.o(i.OS_TCBInit)
    OS_TaskIdle                              0x08005cd1   Thumb Code    22  os_core.o(i.OS_TaskIdle)
    OS_TaskStat                              0x08005ced   Thumb Code   132  os_core.o(i.OS_TaskStat)
    ProcessCommand                           0x08005d7d   Thumb Code   132  gps.o(i.ProcessCommand)
    ProcessGPGGA                             0x08005e35   Thumb Code   488  gps.o(i.ProcessGPGGA)
    ProcessGPGSA                             0x08006025   Thumb Code   216  gps.o(i.ProcessGPGSA)
    ProcessGPGSV                             0x08006101   Thumb Code   448  gps.o(i.ProcessGPGSV)
    ProcessGPRMB                             0x080062c9   Thumb Code   466  gps.o(i.ProcessGPRMB)
    ProcessGPRMC                             0x080064a9   Thumb Code   544  gps.o(i.ProcessGPRMC)
    ProcessGPZDA                             0x080066d1   Thumb Code   258  gps.o(i.ProcessGPZDA)
    ProcessNMEA                              0x080067d9   Thumb Code   216  gps.o(i.ProcessNMEA)
    Process_CMGR                             0x080068bd   Thumb Code     2  gsm_processes.o(i.Process_CMGR)
    Process_CMT                              0x080068c1   Thumb Code   360  gsm_processes.o(i.Process_CMT)
    Process_CSCA                             0x08006a2d   Thumb Code   116  gsm_processes.o(i.Process_CSCA)
    Process_GSMLOC                           0x08006aa5   Thumb Code   212  gsm_processes.o(i.Process_GSMLOC)
    Process_IPD                              0x08006b7d   Thumb Code    82  gsm_processes.o(i.Process_IPD)
    RCC_ADCCLKConfig                         0x08006bd5   Thumb Code    14  stm32f10x_rcc.o(i.RCC_ADCCLKConfig)
    RCC_AHBPeriphClockCmd                    0x08006be9   Thumb Code    18  stm32f10x_rcc.o(i.RCC_AHBPeriphClockCmd)
    RCC_APB2PeriphClockCmd                   0x08006c01   Thumb Code    18  stm32f10x_rcc.o(i.RCC_APB2PeriphClockCmd)
    RCC_DeInit                               0x08006c19   Thumb Code    52  stm32f10x_rcc.o(i.RCC_DeInit)
    RCC_GetClocksFreq                        0x08006c55   Thumb Code   148  stm32f10x_rcc.o(i.RCC_GetClocksFreq)
    RCC_GetFlagStatus                        0x08006cf9   Thumb Code    42  stm32f10x_rcc.o(i.RCC_GetFlagStatus)
    RCC_GetSYSCLKSource                      0x08006d29   Thumb Code    10  stm32f10x_rcc.o(i.RCC_GetSYSCLKSource)
    RCC_HCLKConfig                           0x08006d39   Thumb Code    14  stm32f10x_rcc.o(i.RCC_HCLKConfig)
    RCC_HSEConfig                            0x08006d4d   Thumb Code    50  stm32f10x_rcc.o(i.RCC_HSEConfig)
    RCC_PCLK1Config                          0x08006d85   Thumb Code    14  stm32f10x_rcc.o(i.RCC_PCLK1Config)
    RCC_PCLK2Config                          0x08006d99   Thumb Code    16  stm32f10x_rcc.o(i.RCC_PCLK2Config)
    RCC_PLLCmd                               0x08006dad   Thumb Code     6  stm32f10x_rcc.o(i.RCC_PLLCmd)
    RCC_PLLConfig                            0x08006db9   Thumb Code    16  stm32f10x_rcc.o(i.RCC_PLLConfig)
    RCC_SYSCLKConfig                         0x08006dcd   Thumb Code    14  stm32f10x_rcc.o(i.RCC_SYSCLKConfig)
    RCC_WaitForHSEStartUp                    0x08006de1   Thumb Code    54  stm32f10x_rcc.o(i.RCC_WaitForHSEStartUp)
    SPI_Cmd                                  0x08006e21   Thumb Code    18  stm32f10x_spi.o(i.SPI_Cmd)
    SPI_I2S_GetFlagStatus                    0x08006e33   Thumb Code    14  stm32f10x_spi.o(i.SPI_I2S_GetFlagStatus)
    SPI_I2S_ReceiveData                      0x08006e41   Thumb Code     4  stm32f10x_spi.o(i.SPI_I2S_ReceiveData)
    SPI_I2S_SendData                         0x08006e45   Thumb Code     4  stm32f10x_spi.o(i.SPI_I2S_SendData)
    SPI_Init                                 0x08006e49   Thumb Code    84  stm32f10x_spi.o(i.SPI_Init)
    SPI_WriteByte                            0x08006e9d   Thumb Code    48  gsm_user_api.o(i.SPI_WriteByte)
    StrCat                                   0x08006ed1   Thumb Code    66  gsm_txd.o(i.StrCat)
    TFT_FSMCConfig                           0x08006f13   Thumb Code    90  tftdriver.o(i.TFT_FSMCConfig)
    TFT_Init                                 0x08006f6d   Thumb Code   644  tftdriver.o(i.TFT_Init)
    TFT_RAMString                            0x08007205   Thumb Code   134  tftdriver.o(i.TFT_RAMString)
    TFT_SET_Window                           0x08007295   Thumb Code    44  tftdriver.o(i.TFT_SET_Window)
    TFT_ShowChar                             0x080072c5   Thumb Code   454  tftdriver.o(i.TFT_ShowChar)
    TFT_ShowHEX16                            0x080074a1   Thumb Code   188  tftdriver.o(i.TFT_ShowHEX16)
    TFT_ShowNum                              0x08007561   Thumb Code   140  tftdriver.o(i.TFT_ShowNum)
    TFT_ShowPicture                          0x080075f5   Thumb Code   102  tftdriver.o(i.TFT_ShowPicture)
    TFT_ShowString                           0x08007661   Thumb Code   134  tftdriver.o(i.TFT_ShowString)
    USART_ClearFlag                          0x080076f1   Thumb Code     6  stm32f10x_usart.o(i.USART_ClearFlag)
    USART_ClearITPendingBit                  0x080076f7   Thumb Code    14  stm32f10x_usart.o(i.USART_ClearITPendingBit)
    USART_ClockInit                          0x08007705   Thumb Code    36  stm32f10x_usart.o(i.USART_ClockInit)
    USART_Cmd                                0x08007729   Thumb Code    18  stm32f10x_usart.o(i.USART_Cmd)
    USART_GetFlagStatus                      0x0800773b   Thumb Code    14  stm32f10x_usart.o(i.USART_GetFlagStatus)
    USART_GetITStatus                        0x08007749   Thumb Code    66  stm32f10x_usart.o(i.USART_GetITStatus)
    USART_ITConfig                           0x0800778b   Thumb Code    48  stm32f10x_usart.o(i.USART_ITConfig)
    USART_Init                               0x080077bd   Thumb Code   140  stm32f10x_usart.o(i.USART_Init)
    USART_ReceiveData                        0x0800784d   Thumb Code     8  stm32f10x_usart.o(i.USART_ReceiveData)
    USART_SendData                           0x08007855   Thumb Code     8  stm32f10x_usart.o(i.USART_SendData)
    __ARM_fpclassify                         0x0800785d   Thumb Code    40  fpclassify.o(i.__ARM_fpclassify)
    __mathlib_dbl_underflow                  0x08007885   Thumb Code    10  dunder.o(i.__mathlib_dbl_underflow)
    __mathlib_narrow                         0x08007895   Thumb Code    16  narrow.o(i.__mathlib_narrow)
    __mathlib_tofloat                        0x080078a5   Thumb Code   132  narrow.o(i.__mathlib_tofloat)
    __support_ldexp                          0x0800792d   Thumb Code    22  ldexp.o(i.__support_ldexp)
    _is_digit                                0x08007943   Thumb Code    14  __printf_wp.o(i._is_digit)
    atof                                     0x08007951   Thumb Code    42  atof.o(i.atof)
    frexp                                    0x0800797d   Thumb Code    80  frexp.o(i.frexp)
    ldexp                                    0x080079d5   Thumb Code   126  ldexp.o(i.ldexp)
    main                                     0x08007a55   Thumb Code    74  app.o(i.main)
    _get_lc_numeric                          0x08007ab5   Thumb Code    44  lc_numeric_c.o(locale$$code)
    _get_lc_ctype                            0x08007ae1   Thumb Code    44  lc_ctype_c.o(locale$$code)
    __aeabi_d2f                              0x08007b0d   Thumb Code     0  d2f.o(x$fpl$d2f)
    _d2f                                     0x08007b0d   Thumb Code    98  d2f.o(x$fpl$d2f)
    __aeabi_dadd                             0x08007b71   Thumb Code     0  daddsub_clz.o(x$fpl$dadd)
    _dadd                                    0x08007b71   Thumb Code   332  daddsub_clz.o(x$fpl$dadd)
    __fpl_dcheck_NaN1                        0x08007cc1   Thumb Code    10  dcheck1.o(x$fpl$dcheck1)
    __fpl_dcmp_Inf                           0x08007cd1   Thumb Code    24  dcmpi.o(x$fpl$dcmpinf)
    __aeabi_ddiv                             0x08007ce9   Thumb Code     0  ddiv.o(x$fpl$ddiv)
    _ddiv                                    0x08007ce9   Thumb Code   552  ddiv.o(x$fpl$ddiv)
    __aeabi_cdcmpeq                          0x08007f99   Thumb Code     0  deqf.o(x$fpl$deqf)
    _dcmpeq                                  0x08007f99   Thumb Code   120  deqf.o(x$fpl$deqf)
    __aeabi_i2d                              0x08008011   Thumb Code     0  dflt_clz.o(x$fpl$dflt)
    _dflt                                    0x08008011   Thumb Code    46  dflt_clz.o(x$fpl$dflt)
    __aeabi_cdcmple                          0x08008041   Thumb Code     0  dleqf.o(x$fpl$dleqf)
    _dcmple                                  0x08008041   Thumb Code   120  dleqf.o(x$fpl$dleqf)
    __fpl_dcmple_InfNaN                      0x080080a3   Thumb Code     0  dleqf.o(x$fpl$dleqf)
    __fpl_dnaninf                            0x080080b9   Thumb Code   156  dnaninf.o(x$fpl$dnaninf)
    __fpl_dretinf                            0x08008155   Thumb Code    12  dretinf.o(x$fpl$dretinf)
    __aeabi_cdrcmple                         0x08008161   Thumb Code     0  drleqf.o(x$fpl$drleqf)
    _drcmple                                 0x08008161   Thumb Code   108  drleqf.o(x$fpl$drleqf)
    __aeabi_dsub                             0x080081cd   Thumb Code     0  daddsub_clz.o(x$fpl$dsub)
    _dsub                                    0x080081cd   Thumb Code   464  daddsub_clz.o(x$fpl$dsub)
    __aeabi_fadd                             0x080083a1   Thumb Code     0  faddsub_clz.o(x$fpl$fadd)
    _fadd                                    0x080083a1   Thumb Code   196  faddsub_clz.o(x$fpl$fadd)
    __aeabi_fdiv                             0x08008465   Thumb Code     0  fdiv.o(x$fpl$fdiv)
    _fdiv                                    0x08008465   Thumb Code   384  fdiv.o(x$fpl$fdiv)
    __aeabi_f2uiz                            0x080085e9   Thumb Code     0  ffixu.o(x$fpl$ffixu)
    _ffixu                                   0x080085e9   Thumb Code    62  ffixu.o(x$fpl$ffixu)
    __aeabi_ui2f                             0x08008629   Thumb Code     0  fflt_clz.o(x$fpl$ffltu)
    _ffltu                                   0x08008629   Thumb Code    38  fflt_clz.o(x$fpl$ffltu)
    __aeabi_fmul                             0x08008651   Thumb Code     0  fmul.o(x$fpl$fmul)
    _fmul                                    0x08008651   Thumb Code   258  fmul.o(x$fpl$fmul)
    __fpl_fnaninf                            0x08008753   Thumb Code   140  fnaninf.o(x$fpl$fnaninf)
    __fpl_fretinf                            0x080087df   Thumb Code    10  fretinf.o(x$fpl$fretinf)
    __aeabi_fsub                             0x080087e9   Thumb Code     0  faddsub_clz.o(x$fpl$fsub)
    _fsub                                    0x080087e9   Thumb Code   234  faddsub_clz.o(x$fpl$fsub)
    _printf_fp_dec                           0x080088d3   Thumb Code     4  printf1.o(x$fpl$printf1)
    __fpl_return_NaN                         0x080088d7   Thumb Code   100  retnan.o(x$fpl$retnan)
    __ARM_scalbn                             0x0800893b   Thumb Code    92  scalbn.o(x$fpl$scalbn)
    _scanf_real                              0x08008997   Thumb Code     4  scanf1.o(x$fpl$scanf1)
    _scanf_hex_real                          0x0800899b   Thumb Code     4  scanf2b.o(x$fpl$scanf2)
    _scanf_infnan                            0x0800899f   Thumb Code     4  scanf2b.o(x$fpl$scanf2)
    __fpl_cmpreturn                          0x080089a3   Thumb Code    48  trapv.o(x$fpl$trapveneer)
    __I$use$fp                               0x080089d2   Number         0  usenofp.o(x$fpl$usenofp)
    TempTable                                0x08008a1c   Data         282  gsm_user_api.o(.constdata)
    GB2312_Unicode                           0x08008b9c   Data       29780  gsm_gb2312_unicode.o(.constdata)
    GPSimage                                 0x0800fff0   Data       153600  gps.o(.constdata)
    ascii0612                                0x080357f0   Data        1152  tftdriver.o(.constdata)
    ascii0816                                0x08035c70   Data        1584  tftdriver.o(.constdata)
    ascii1624                                0x080362a0   Data        4608  tftdriver.o(.constdata)
    OSUnMapTbl                               0x080374b4   Data         256  os_core.o(.constdata)
    Region$$Table$$Base                      0x08037648   Number         0  anon$$obj.o(Region$$Table)
    Region$$Table$$Limit                     0x08037668   Number         0  anon$$obj.o(Region$$Table)
    __aeabi_HUGE_VAL                         0x08037668   Data           0  fpconst.o(c$$dinf)
    __aeabi_HUGE_VALL                        0x08037668   Data           0  fpconst.o(c$$dinf)
    __aeabi_INFINITY                         0x08037668   Data           0  fpconst.o(c$$dinf)
    __dInf                                   0x08037668   Data           0  fpconst.o(c$$dinf)
    __huge_val                               0x08037668   Data           0  fpconst.o(c$$dinf)
    __ctype                                  0x08037699   Data           0  lc_ctype_c.o(locale$$data)
    DataVar                                  0x20000000   Data           2  eeprom.o(.data)
    VirtAddVarTab                            0x20000002   Data           2  eeprom.o(.data)
    ADC_RCVTab                               0x20000004   Data           2  bsp.o(.data)
    ADC_Result                               0x20000008   Data           4  bsp.o(.data)
    SHAKE_SHOW_COUNT                         0x2000000c   Data           1  gsm_user_api.o(.data)
    My_Key_Number                            0x20000010   Data           4  gsm_user_api.o(.data)
    RX_RN_JP_NUM                             0x20000014   Data           1  gsm_rxd.o(.data)
    Flag_CMT                                 0x20000015   Data           1  gsm_rxd.o(.data)
    Flag_CMGR                                0x20000016   Data           1  gsm_rxd.o(.data)
    Flag_DATA                                0x20000017   Data           1  gsm_rxd.o(.data)
    Flag_CIPGSMLOC                           0x20000018   Data           1  gsm_rxd.o(.data)
    GSM_RX_nState                            0x20000019   Data           1  gsm_rxd.o(.data)
    Test_counter                             0x2000001a   Data           2  gsm_rxd.o(.data)
    Rx_Index                                 0x2000001c   Data           2  gsm_rxd.o(.data)
    m_nState                                 0x20000020   Data           1  gps.o(.data)
    m_btChecksum                             0x20000021   Data           1  gps.o(.data)
    m_btReceivedChecksum                     0x20000022   Data           1  gps.o(.data)
    m_wIndex                                 0x20000024   Data           2  gps.o(.data)
    m_dwCommandCount                         0x20000028   Data           4  gps.o(.data)
    m_pCommand                               0x20000030   Data           8  gps.o(.data)
    OSCPUUsage                               0x2000004c   Data           1  os_core.o(.data)
    OSStatRdy                                0x2000004d   Data           1  os_core.o(.data)
    OSIntNesting                             0x2000004e   Data           1  os_core.o(.data)
    OSLockNesting                            0x2000004f   Data           1  os_core.o(.data)
    OSPrioCur                                0x20000050   Data           1  os_core.o(.data)
    OSPrioHighRdy                            0x20000051   Data           1  os_core.o(.data)
    OSRdyGrp                                 0x20000052   Data           1  os_core.o(.data)
    OSRunning                                0x20000053   Data           1  os_core.o(.data)
    OSTaskCtr                                0x20000054   Data           1  os_core.o(.data)
    OSTickStepState                          0x20000055   Data           1  os_core.o(.data)
    OSCtxSwCtr                               0x20000058   Data           4  os_core.o(.data)
    OSEventFreeList                          0x2000005c   Data           4  os_core.o(.data)
    OSIdleCtrMax                             0x20000060   Data           4  os_core.o(.data)
    OSIdleCtrRun                             0x20000064   Data           4  os_core.o(.data)
    OSRdyTbl                                 0x20000068   Data           4  os_core.o(.data)
    OSIdleCtr                                0x2000006c   Data           4  os_core.o(.data)
    OSTCBCur                                 0x20000070   Data           4  os_core.o(.data)
    OSTCBFreeList                            0x20000074   Data           4  os_core.o(.data)
    OSTCBHighRdy                             0x20000078   Data           4  os_core.o(.data)
    OSTCBList                                0x2000007c   Data           4  os_core.o(.data)
    OSTime                                   0x20000080   Data           4  os_core.o(.data)
    OSFlagFreeList                           0x20000084   Data           4  os_core.o(.data)
    DMA_InitStructure                        0x20000888   Data          44  bsp.o(.bss)
    ADC_InitStructure                        0x200008b4   Data          20  bsp.o(.bss)
    strHead                                  0x20000b70   Data         100  gsm_txd.o(.bss)
    strMSG                                   0x20000bd4   Data         300  gsm_txd.o(.bss)
    MSGstr                                   0x20000d00   Data         400  gsm_txd.o(.bss)
    temp                                     0x20000e90   Data         300  gsm_txd.o(.bss)
    GSM_pCommand                             0x20000fbc   Data          15  gsm_rxd.o(.bss)
    GSM_pData                                0x20000fcb   Data         400  gsm_rxd.o(.bss)
    CMT                                      0x2000115c   Data         368  gsm_processes.o(.bss)
    CSCA                                     0x200012cc   Data          22  gsm_processes.o(.bss)
    IPD                                      0x200012e2   Data         304  gsm_processes.o(.bss)
    GSMLOC                                   0x20001412   Data          61  gsm_processes.o(.bss)
    CLIP                                     0x2000144f   Data          22  gsm_processes.o(.bss)
    GPGGAData                                0x20001468   Data          72  gps.o(.bss)
    GPGSAData                                0x200014b0   Data         112  gps.o(.bss)
    GPGSVData                                0x20001520   Data         368  gps.o(.bss)
    GPRMBData                                0x20001690   Data         136  gps.o(.bss)
    GPZDAData                                0x20001718   Data          16  gps.o(.bss)
    m_pData                                  0x20001928   Data         512  gps.o(.bss)
    GPSinf                                   0x20001b28   Data         100  gps.o(.bss)
    STATUS_str                               0x20001b8c   Data         200  gps.o(.bss)
    GPRMCData                                0x20001c58   Data          64  gps.o(.bss)
    OSEventTbl                               0x20001c98   Data         400  os_core.o(.bss)
    OSTaskStatStk                            0x20001e28   Data         512  os_core.o(.bss)
    OSTaskIdleStk                            0x20002028   Data         512  os_core.o(.bss)
    OSTCBPrioTbl                             0x20002228   Data         128  os_core.o(.bss)
    OSTCBTbl                                 0x200022a8   Data        1056  os_core.o(.bss)
    OSFlagTbl                                0x200026c8   Data          80  os_core.o(.bss)
    __libspace_start                         0x20002718   Data          96  libspace.o(.bss)
    __temporary_stack_top$libspace           0x20002778   Data           0  libspace.o(.bss)
    Image$$ARM_LIB_HEAP$$ZI$$Base            0x20004000   Number         0  anon$$obj.o(ARM_LIB_HEAP.bss)
    Image$$ARM_LIB_HEAP$$ZI$$Limit           0x20004800   Number         0  anon$$obj.o(ARM_LIB_HEAP.bss)
    Image$$ARM_LIB_STACK$$ZI$$Limit          0x20010000   Number         0  anon$$obj.o(ARM_LIB_STACK.bss)



==============================================================================

Memory Map of the image

  Image Entry point : 0x08002095

  Load Region LR_IROM1 (Base: 0x08000000, Size: 0x00037824, Max: 0x00080000, ABSOLUTE)

    Execution Region ER_IROM1 (Base: 0x08000000, Size: 0x0003779c, Max: 0x00080000, ABSOLUTE)

    Base Addr    Size         Type   Attr      Idx    E Section Name        Object

    0x08000000   0x000000f8   Code   RO          235  * VECT                vectors.o
    0x080000f8   0x00000008   Code   RO         4813  * !!!main             c_w.l(__main.o)
    0x08000100   0x00000034   Code   RO         5169    !!!scatter          c_w.l(__scatter.o)
    0x08000134   0x0000001a   Code   RO         5171    !!handler_copy      c_w.l(__scatter_copy.o)
    0x0800014e   0x00000002   PAD
    0x08000150   0x0000001c   Code   RO         5173    !!handler_zi        c_w.l(__scatter_zi.o)
    0x0800016c   0x00000000   Code   RO         4798    .ARM.Collect$$_printf_percent$$00000000  c_w.l(_printf_percent.o)
    0x0800016c   0x00000006   Code   RO         4797    .ARM.Collect$$_printf_percent$$00000003  c_w.l(_printf_f.o)
    0x08000172   0x00000006   Code   RO         4796    .ARM.Collect$$_printf_percent$$00000009  c_w.l(_printf_d.o)
    0x08000178   0x00000004   Code   RO         4877    .ARM.Collect$$_printf_percent$$00000017  c_w.l(_printf_percent_end.o)
    0x0800017c   0x00000002   Code   RO         4985    .ARM.Collect$$libinit$$00000000  c_w.l(libinit.o)
    0x0800017e   0x00000000   Code   RO         4987    .ARM.Collect$$libinit$$00000002  c_w.l(libinit2.o)
    0x0800017e   0x00000000   Code   RO         4990    .ARM.Collect$$libinit$$00000008  c_w.l(libinit2.o)
    0x0800017e   0x00000000   Code   RO         4992    .ARM.Collect$$libinit$$0000000A  c_w.l(libinit2.o)
    0x0800017e   0x00000000   Code   RO         4994    .ARM.Collect$$libinit$$0000000C  c_w.l(libinit2.o)
    0x0800017e   0x00000006   Code   RO         4995    .ARM.Collect$$libinit$$0000000D  c_w.l(libinit2.o)
    0x08000184   0x00000000   Code   RO         4997    .ARM.Collect$$libinit$$0000000F  c_w.l(libinit2.o)
    0x08000184   0x0000000c   Code   RO         4998    .ARM.Collect$$libinit$$00000010  c_w.l(libinit2.o)
    0x08000190   0x00000000   Code   RO         4999    .ARM.Collect$$libinit$$00000011  c_w.l(libinit2.o)
    0x08000190   0x00000000   Code   RO         5001    .ARM.Collect$$libinit$$00000013  c_w.l(libinit2.o)
    0x08000190   0x0000000a   Code   RO         5002    .ARM.Collect$$libinit$$00000014  c_w.l(libinit2.o)
    0x0800019a   0x00000000   Code   RO         5003    .ARM.Collect$$libinit$$00000015  c_w.l(libinit2.o)
    0x0800019a   0x00000000   Code   RO         5005    .ARM.Collect$$libinit$$00000017  c_w.l(libinit2.o)
    0x0800019a   0x00000000   Code   RO         5007    .ARM.Collect$$libinit$$00000019  c_w.l(libinit2.o)
    0x0800019a   0x00000000   Code   RO         5009    .ARM.Collect$$libinit$$0000001B  c_w.l(libinit2.o)
    0x0800019a   0x00000000   Code   RO         5011    .ARM.Collect$$libinit$$0000001D  c_w.l(libinit2.o)
    0x0800019a   0x00000000   Code   RO         5013    .ARM.Collect$$libinit$$0000001F  c_w.l(libinit2.o)
    0x0800019a   0x00000000   Code   RO         5015    .ARM.Collect$$libinit$$00000021  c_w.l(libinit2.o)
    0x0800019a   0x00000000   Code   RO         5017    .ARM.Collect$$libinit$$00000023  c_w.l(libinit2.o)
    0x0800019a   0x00000000   Code   RO         5021    .ARM.Collect$$libinit$$0000002A  c_w.l(libinit2.o)
    0x0800019a   0x00000000   Code   RO         5023    .ARM.Collect$$libinit$$0000002C  c_w.l(libinit2.o)
    0x0800019a   0x00000000   Code   RO         5025    .ARM.Collect$$libinit$$0000002E  c_w.l(libinit2.o)
    0x0800019a   0x00000000   Code   RO         5027    .ARM.Collect$$libinit$$00000030  c_w.l(libinit2.o)
    0x0800019a   0x00000002   Code   RO         5028    .ARM.Collect$$libinit$$00000031  c_w.l(libinit2.o)
    0x0800019c   0x00000002   Code   RO         5096    .ARM.Collect$$libshutdown$$00000000  c_w.l(libshutdown.o)
    0x0800019e   0x00000000   Code   RO         5121    .ARM.Collect$$libshutdown$$00000003  c_w.l(libshutdown2.o)
    0x0800019e   0x00000000   Code   RO         5124    .ARM.Collect$$libshutdown$$00000006  c_w.l(libshutdown2.o)
    0x0800019e   0x00000000   Code   RO         5127    .ARM.Collect$$libshutdown$$00000009  c_w.l(libshutdown2.o)
    0x0800019e   0x00000000   Code   RO         5129    .ARM.Collect$$libshutdown$$0000000B  c_w.l(libshutdown2.o)
    0x0800019e   0x00000000   Code   RO         5132    .ARM.Collect$$libshutdown$$0000000E  c_w.l(libshutdown2.o)
    0x0800019e   0x00000002   Code   RO         5133    .ARM.Collect$$libshutdown$$0000000F  c_w.l(libshutdown2.o)
    0x080001a0   0x00000000   Code   RO         4861    .ARM.Collect$$rtentry$$00000000  c_w.l(rtentry.o)
    0x080001a0   0x00000000   Code   RO         4897    .ARM.Collect$$rtentry$$00000002  c_w.l(rtentry2.o)
    0x080001a0   0x00000004   Code   RO         4911    .ARM.Collect$$rtentry$$00000007  c_w.l(rtentry7.o)
    0x080001a4   0x00000000   Code   RO         4899    .ARM.Collect$$rtentry$$00000009  c_w.l(rtentry2.o)
    0x080001a4   0x00000004   Code   RO         4900    .ARM.Collect$$rtentry$$0000000A  c_w.l(rtentry2.o)
    0x080001a8   0x00000000   Code   RO         4902    .ARM.Collect$$rtentry$$0000000C  c_w.l(rtentry2.o)
    0x080001a8   0x00000008   Code   RO         4903    .ARM.Collect$$rtentry$$0000000D  c_w.l(rtentry2.o)
    0x080001b0   0x00000004   Code   RO         4912    .ARM.Collect$$rtentry$$00002718  c_w.l(rtentry7.o)
    0x080001b4   0x00000002   Code   RO         5031    .ARM.Collect$$rtexit$$00000000  c_w.l(rtexit.o)
    0x080001b6   0x00000000   Code   RO         5060    .ARM.Collect$$rtexit$$00000002  c_w.l(rtexit2.o)
    0x080001b6   0x00000004   Code   RO         5061    .ARM.Collect$$rtexit$$00000003  c_w.l(rtexit2.o)
    0x080001ba   0x00000006   Code   RO         5062    .ARM.Collect$$rtexit$$00000004  c_w.l(rtexit2.o)
    0x080001c0   0x0000002a   Code   RO         3971    .text               cpu_a.o
    0x080001ea   0x00000002   PAD
    0x080001ec   0x000000a4   Code   RO         4529    .text               os_cpu_a.o
    0x08000290   0x00000028   Code   RO         4768    .text               c_w.l(noretval__2sprintf.o)
    0x080002b8   0x00000052   Code   RO         4772    .text               c_w.l(_printf_pad.o)
    0x0800030a   0x00000002   PAD
    0x0800030c   0x00000078   Code   RO         4774    .text               c_w.l(_printf_dec.o)
    0x08000384   0x0000010e   Code   RO         4784    .text               c_w.l(__printf_wp.o)
    0x08000492   0x0000001a   Code   RO         4799    .text               c_w.l(atoi.o)
    0x080004ac   0x0000001a   Code   RO         4801    .text               c_w.l(atol.o)
    0x080004c6   0x00000048   Code   RO         4803    .text               c_w.l(strcpy.o)
    0x0800050e   0x0000003e   Code   RO         4805    .text               c_w.l(strlen.o)
    0x0800054c   0x00000018   Code   RO         4807    .text               c_w.l(strcat.o)
    0x08000564   0x00000080   Code   RO         4809    .text               c_w.l(strcmpv7m.o)
    0x080005e4   0x00000002   Code   RO         4811    .text               c_w.l(compat_c99.o)
    0x080005e6   0x00000002   PAD
    0x080005e8   0x00000008   Code   RO         4865    .text               c_w.l(rt_errno_addr_intlibspace.o)
    0x080005f0   0x00000016   Code   RO         4867    .text               c_w.l(_rserrno.o)
    0x08000606   0x000000b8   Code   RO         4869    .text               c_w.l(_printf_intcommon.o)
    0x080006be   0x00000420   Code   RO         4871    .text               c_w.l(_printf_fp_dec.o)
    0x08000ade   0x00000002   PAD
    0x08000ae0   0x00000030   Code   RO         4873    .text               c_w.l(_printf_char_common.o)
    0x08000b10   0x0000000a   Code   RO         4875    .text               c_w.l(_sputc.o)
    0x08000b1a   0x00000002   PAD
    0x08000b1c   0x000000a0   Code   RO         4878    .text               c_w.l(strtod.o)
    0x08000bbc   0x00000070   Code   RO         4880    .text               c_w.l(strtol.o)
    0x08000c2c   0x00000010   Code   RO         4916    .text               c_w.l(rt_ctype_table.o)
    0x08000c3c   0x00000008   Code   RO         4921    .text               c_w.l(rt_locale_intlibspace.o)
    0x08000c44   0x0000008a   Code   RO         4923    .text               c_w.l(lludiv10.o)
    0x08000cce   0x00000012   Code   RO         4925    .text               c_w.l(isspace.o)
    0x08000ce0   0x00000080   Code   RO         4927    .text               c_w.l(_printf_fp_infnan.o)
    0x08000d60   0x00000040   Code   RO         4931    .text               c_w.l(_sgetc.o)
    0x08000da0   0x0000009e   Code   RO         4933    .text               c_w.l(_strtoul.o)
    0x08000e3e   0x00000002   PAD
    0x08000e40   0x000000e4   Code   RO         4935    .text               c_w.l(bigflt0.o)
    0x08000f24   0x0000001c   Code   RO         4971    .text               c_w.l(_chval.o)
    0x08000f40   0x000004a4   Code   RO         4973    .text               c_w.l(scanf_fp.o)
    0x080013e4   0x0000000c   Code   RO         4978    .text               c_w.l(exit.o)
    0x080013f0   0x00000002   Code   RO         5056    .text               c_w.l(use_no_semi.o)
    0x080013f2   0x00000000   Code   RO         5058    .text               c_w.l(indicate_semi.o)
    0x080013f2   0x00000002   PAD
    0x080013f4   0x00000314   Code   RO         5066    .text               c_w.l(scanf_hexfp.o)
    0x08001708   0x0000013c   Code   RO         5068    .text               c_w.l(scanf_infnan.o)
    0x08001844   0x0000000c   Code   RO         5084    .text               c_w.l(sys_exit.o)
    0x08001850   0x00000026   Code   RO         5088    .text               c_w.l(llshl.o)
    0x08001876   0x0000003e   Code   RO         4938    CL$$btod_d2e        c_w.l(btod.o)
    0x080018b4   0x00000046   Code   RO         4940    CL$$btod_d2e_denorm_low  c_w.l(btod.o)
    0x080018fa   0x00000060   Code   RO         4939    CL$$btod_d2e_norm_op1  c_w.l(btod.o)
    0x0800195a   0x00000338   Code   RO         4948    CL$$btod_div_common  c_w.l(btod.o)
    0x08001c92   0x00000002   PAD
    0x08001c94   0x00000054   Code   RO         4946    CL$$btod_e2d        c_w.l(btod.o)
    0x08001ce8   0x000000c6   Code   RO         4945    CL$$btod_e2e        c_w.l(btod.o)
    0x08001dae   0x00000028   Code   RO         4942    CL$$btod_ediv       c_w.l(btod.o)
    0x08001dd6   0x00000028   Code   RO         4944    CL$$btod_edivd      c_w.l(btod.o)
    0x08001dfe   0x00000028   Code   RO         4941    CL$$btod_emul       c_w.l(btod.o)
    0x08001e26   0x00000028   Code   RO         4943    CL$$btod_emuld      c_w.l(btod.o)
    0x08001e4e   0x00000244   Code   RO         4947    CL$$btod_mult_common  c_w.l(btod.o)
    0x08002092   0x00000002   PAD
    0x08002094   0x00000008   Code   RO          735  * INIT                init.o
    0x0800209c   0x00000012   Code   RO         1505    i.ADC_Cmd           stm32f10x_adc.o
    0x080020ae   0x00000012   Code   RO         1506    i.ADC_DMACmd        stm32f10x_adc.o
    0x080020c0   0x00000010   Code   RO         1513    i.ADC_GetCalibrationStatus  stm32f10x_adc.o
    0x080020d0   0x00000010   Code   RO         1519    i.ADC_GetResetCalibrationStatus  stm32f10x_adc.o
    0x080020e0   0x0000004c   Code   RO         1523    i.ADC_Init          stm32f10x_adc.o
    0x0800212c   0x0000003c   Code   RO          340    i.ADC_RCVTabISRHandler  bsp.o
    0x08002168   0x00000090   Code   RO         1527    i.ADC_RegularChannelConfig  stm32f10x_adc.o
    0x080021f8   0x0000000a   Code   RO         1528    i.ADC_ResetCalibration  stm32f10x_adc.o
    0x08002202   0x00000012   Code   RO         1530    i.ADC_SoftwareStartConvCmd  stm32f10x_adc.o
    0x08002214   0x0000000a   Code   RO         1532    i.ADC_StartCalibration  stm32f10x_adc.o
    0x0800221e   0x0000016c   Code   RO          776    i.ADXL345_Init      gsm_user_api.o
    0x0800238a   0x00000004   Code   RO          777    i.ADXL345_Test      gsm_user_api.o
    0x0800238e   0x00000002   Code   RO            3    i.App_TCBInitHook   app.o
    0x08002390   0x00000002   Code   RO            4    i.App_TaskCreateHook  app.o
    0x08002392   0x00000002   Code   RO            6    i.App_TaskIdleHook  app.o
    0x08002394   0x00000080   Code   RO            7    i.App_TaskStart     app.o
    0x08002414   0x00000002   Code   RO            8    i.App_TaskStatHook  app.o
    0x08002416   0x00000002   Code   RO            9    i.App_TaskSwHook    app.o
    0x08002418   0x00000002   Code   RO           10    i.App_TimeTickHook  app.o
    0x0800241a   0x00000002   PAD
    0x0800241c   0x0000011c   Code   RO          342    i.BSP_GPIO_Init     bsp.o
    0x08002538   0x000002b0   Code   RO          343    i.BSP_Init          bsp.o
    0x080027e8   0x00000004   Code   RO          388    i.BSP_IntDisAll     bsp_int.o
    0x080027ec   0x0000000e   Code   RO          389    i.BSP_IntEn         bsp_int.o
    0x080027fa   0x00000002   PAD
    0x080027fc   0x00000034   Code   RO          390    i.BSP_IntHandler    bsp_int.o
    0x08002830   0x00000006   Code   RO          391    i.BSP_IntHandlerADC1_2  bsp_int.o
    0x08002836   0x00000006   Code   RO          392    i.BSP_IntHandlerCAN_RX1  bsp_int.o
    0x0800283c   0x00000006   Code   RO          393    i.BSP_IntHandlerCAN_SCE  bsp_int.o
    0x08002842   0x00000006   Code   RO          394    i.BSP_IntHandlerDMA1_CH1  bsp_int.o
    0x08002848   0x00000006   Code   RO          395    i.BSP_IntHandlerDMA1_CH2  bsp_int.o
    0x0800284e   0x00000006   Code   RO          396    i.BSP_IntHandlerDMA1_CH3  bsp_int.o
    0x08002854   0x00000006   Code   RO          397    i.BSP_IntHandlerDMA1_CH4  bsp_int.o
    0x0800285a   0x00000006   Code   RO          398    i.BSP_IntHandlerDMA1_CH5  bsp_int.o
    0x08002860   0x00000006   Code   RO          399    i.BSP_IntHandlerDMA1_CH6  bsp_int.o
    0x08002866   0x00000006   Code   RO          400    i.BSP_IntHandlerDMA1_CH7  bsp_int.o
    0x0800286c   0x00000002   Code   RO          401    i.BSP_IntHandlerDummy  bsp_int.o
    0x0800286e   0x00000006   Code   RO          402    i.BSP_IntHandlerEXTI0  bsp_int.o
    0x08002874   0x00000006   Code   RO          403    i.BSP_IntHandlerEXTI1  bsp_int.o
    0x0800287a   0x00000006   Code   RO          404    i.BSP_IntHandlerEXTI15_10  bsp_int.o
    0x08002880   0x00000006   Code   RO          405    i.BSP_IntHandlerEXTI2  bsp_int.o
    0x08002886   0x00000006   Code   RO          406    i.BSP_IntHandlerEXTI3  bsp_int.o
    0x0800288c   0x00000006   Code   RO          407    i.BSP_IntHandlerEXTI4  bsp_int.o
    0x08002892   0x00000006   Code   RO          408    i.BSP_IntHandlerEXTI9_5  bsp_int.o
    0x08002898   0x00000006   Code   RO          409    i.BSP_IntHandlerFLASH  bsp_int.o
    0x0800289e   0x00000006   Code   RO          410    i.BSP_IntHandlerI2C1_ER  bsp_int.o
    0x080028a4   0x00000006   Code   RO          411    i.BSP_IntHandlerI2C1_EV  bsp_int.o
    0x080028aa   0x00000006   Code   RO          412    i.BSP_IntHandlerI2C2_ER  bsp_int.o
    0x080028b0   0x00000006   Code   RO          413    i.BSP_IntHandlerI2C2_EV  bsp_int.o
    0x080028b6   0x00000006   Code   RO          414    i.BSP_IntHandlerPVD  bsp_int.o
    0x080028bc   0x00000006   Code   RO          415    i.BSP_IntHandlerRCC  bsp_int.o
    0x080028c2   0x00000006   Code   RO          416    i.BSP_IntHandlerRTC  bsp_int.o
    0x080028c8   0x00000006   Code   RO          417    i.BSP_IntHandlerRTCAlarm  bsp_int.o
    0x080028ce   0x00000006   Code   RO          418    i.BSP_IntHandlerSPI1  bsp_int.o
    0x080028d4   0x00000006   Code   RO          419    i.BSP_IntHandlerSPI2  bsp_int.o
    0x080028da   0x00000006   Code   RO          420    i.BSP_IntHandlerTAMPER  bsp_int.o
    0x080028e0   0x00000006   Code   RO          421    i.BSP_IntHandlerTIM1_BRK  bsp_int.o
    0x080028e6   0x00000006   Code   RO          422    i.BSP_IntHandlerTIM1_CC  bsp_int.o
    0x080028ec   0x00000006   Code   RO          423    i.BSP_IntHandlerTIM1_TRG_COM  bsp_int.o
    0x080028f2   0x00000006   Code   RO          424    i.BSP_IntHandlerTIM1_UP  bsp_int.o
    0x080028f8   0x00000006   Code   RO          425    i.BSP_IntHandlerTIM2  bsp_int.o
    0x080028fe   0x00000006   Code   RO          426    i.BSP_IntHandlerTIM3  bsp_int.o
    0x08002904   0x00000006   Code   RO          427    i.BSP_IntHandlerTIM4  bsp_int.o
    0x0800290a   0x00000006   Code   RO          428    i.BSP_IntHandlerUSART1  bsp_int.o
    0x08002910   0x00000006   Code   RO          429    i.BSP_IntHandlerUSART2  bsp_int.o
    0x08002916   0x00000006   Code   RO          430    i.BSP_IntHandlerUSART3  bsp_int.o
    0x0800291c   0x00000006   Code   RO          431    i.BSP_IntHandlerUSBWakeUp  bsp_int.o
    0x08002922   0x00000006   Code   RO          432    i.BSP_IntHandlerUSB_HP_CAN_TX  bsp_int.o
    0x08002928   0x00000006   Code   RO          433    i.BSP_IntHandlerUSB_LP_CAN_RX0  bsp_int.o
    0x0800292e   0x00000006   Code   RO          434    i.BSP_IntHandlerWWDG  bsp_int.o
    0x08002934   0x00000028   Code   RO          435    i.BSP_IntInit       bsp_int.o
    0x0800295c   0x00000024   Code   RO          437    i.BSP_IntVectSet    bsp_int.o
    0x08002980   0x00000098   Code   RO          713    i.BSP_PeriphEn      bsp_periph.o
    0x08002a18   0x000000c4   Code   RO         3977    i.CPU_IntSrcEn      cpu_c.o
    0x08002adc   0x00000018   Code   RO         3066    i.DMA_ClearITPendingBit  stm32f10x_dma.o
    0x08002af4   0x00000012   Code   RO         3067    i.DMA_Cmd           stm32f10x_dma.o
    0x08002b06   0x00000002   PAD
    0x08002b08   0x000000e8   Code   RO         3068    i.DMA_DeInit        stm32f10x_dma.o
    0x08002bf0   0x00000020   Code   RO         3071    i.DMA_GetITStatus   stm32f10x_dma.o
    0x08002c10   0x00000010   Code   RO         3072    i.DMA_ITConfig      stm32f10x_dma.o
    0x08002c20   0x00000052   Code   RO         3073    i.DMA_Init          stm32f10x_dma.o
    0x08002c72   0x00000002   PAD
    0x08002c74   0x0000003c   Code   RO          239    i.EE_FindValidPage  eeprom.o
    0x08002cb0   0x00000274   Code   RO          240    i.EE_Init           eeprom.o
    0x08002f24   0x0000004c   Code   RO          241    i.EE_ReadVariable   eeprom.o
    0x08002f70   0x00000054   Code   RO          242    i.EE_VerifyPageFullWriteVariable  eeprom.o
    0x08002fc4   0x000000f0   Code   RO          243    i.EE_WriteVariable  eeprom.o
    0x080030b4   0x00000044   Code   RO         2043    i.FLASH_ErasePage   stm32f10x_flash.o
    0x080030f8   0x00000018   Code   RO         2053    i.FLASH_PrefetchBufferCmd  stm32f10x_flash.o
    0x08003110   0x0000003c   Code   RO         2054    i.FLASH_ProgramHalfWord  stm32f10x_flash.o
    0x0800314c   0x00000018   Code   RO         2058    i.FLASH_SetLatency  stm32f10x_flash.o
    0x08003164   0x00000018   Code   RO         2059    i.FLASH_Unlock      stm32f10x_flash.o
    0x0800317c   0x00000084   Code   RO         2061    i.FLASH_WaitForLastOperation  stm32f10x_flash.o
    0x08003200   0x00000020   Code   RO         3196    i.FSMC_NORSRAMCmd   stm32f10x_fsmc.o
    0x08003220   0x000000de   Code   RO         3198    i.FSMC_NORSRAMInit  stm32f10x_fsmc.o
    0x080032fe   0x00000002   PAD
    0x08003300   0x000000d8   Code   RO         1456    i.GB2312_Add        gt20l16p1y.o
    0x080033d8   0x00000104   Code   RO         1131    i.GB2UnicodeStr     gsm_gb2312_unicode.o
    0x080034dc   0x00000118   Code   RO         1169    i.GPDataReset       gps.o
    0x080035f4   0x000000bc   Code   RO         1936    i.GPIO_Init         stm32f10x_gpio.o
    0x080036b0   0x0000000e   Code   RO         1940    i.GPIO_ReadInputDataBit  stm32f10x_gpio.o
    0x080036be   0x00000004   Code   RO         1943    i.GPIO_ResetBits    stm32f10x_gpio.o
    0x080036c2   0x00000004   Code   RO         1944    i.GPIO_SetBits      stm32f10x_gpio.o
    0x080036c6   0x00000002   PAD
    0x080036c8   0x000000b8   Code   RO         1170    i.GPS_Init          gps.o
    0x08003780   0x000000ac   Code   RO         1278    i.GPS_InitTarget    gps_com_driver.o
    0x0800382c   0x00000004   Code   RO         1171    i.GPS_RxHandler     gps.o
    0x08003830   0x00000010   Code   RO         1281    i.GPS_RxIntEn       gps_com_driver.o
    0x08003840   0x0000007c   Code   RO         1282    i.GPS_RxTxISRHandler  gps_com_driver.o
    0x080038bc   0x000001f8   Code   RO         1173    i.GPS_Task          gps.o
    0x08003ab4   0x00000002   Code   RO         1174    i.GPS_TxHandler     gps.o
    0x08003ab6   0x00000002   PAD
    0x08003ab8   0x00000020   Code   RO          873    i.GSM_Answer_CALL   gsm_txd.o
    0x08003ad8   0x00000040   Code   RO          874    i.GSM_CALL          gsm_txd.o
    0x08003b18   0x000000e4   Code   RO          994    i.GSM_COM_ISR       gsm_rxd.o
    0x08003bfc   0x0000019c   Code   RO          875    i.GSM_Configuration  gsm_txd.o
    0x08003d98   0x00000050   Code   RO          877    i.GSM_GPRS_SEND     gsm_txd.o
    0x08003de8   0x000000c8   Code   RO          880    i.GSM_GPRS_UDP_Connect  gsm_txd.o
    0x08003eb0   0x0000006e   Code   RO          995    i.GSM_GetField      gsm_rxd.o
    0x08003f1e   0x00000002   PAD
    0x08003f20   0x0000006c   Code   RO          738    i.GSM_Init          gsm_tasks.o
    0x08003f8c   0x000000a8   Code   RO         1071    i.GSM_InitTarget    gsm_com_driver.o
    0x08004034   0x00000080   Code   RO          882    i.GSM_InvertNumbers  gsm_txd.o
    0x080040b4   0x00000024   Code   RO          884    i.GSM_LBS_Refresh   gsm_txd.o
    0x080040d8   0x000000b0   Code   RO          996    i.GSM_Process_switch  gsm_rxd.o
    0x08004188   0x00000014   Code   RO          997    i.GSM_RxHandler     gsm_rxd.o
    0x0800419c   0x00000010   Code   RO         1074    i.GSM_RxIntEn       gsm_com_driver.o
    0x080041ac   0x00000084   Code   RO         1075    i.GSM_RxTxISRHandler  gsm_com_driver.o
    0x08004230   0x00000064   Code   RO          739    i.GSM_START         gsm_tasks.o
    0x08004294   0x000001c8   Code   RO          885    i.GSM_Send_CN_MSG   gsm_txd.o
    0x0800445c   0x00000154   Code   RO          886    i.GSM_Send_CN_MSG2  gsm_txd.o
    0x080045b0   0x00000078   Code   RO          887    i.GSM_Send_TXT_CMG  gsm_txd.o
    0x08004628   0x00000410   Code   RO          740    i.GSM_Task          gsm_tasks.o
    0x08004a38   0x00000020   Code   RO         1076    i.GSM_TxChar        gsm_com_driver.o
    0x08004a58   0x00000030   Code   RO         1079    i.GSM_TxString      gsm_com_driver.o
    0x08004a88   0x00000038   Code   RO          889    i.GSM_Wait_OK       gsm_txd.o
    0x08004ac0   0x00000058   Code   RO         1457    i.GT_Read_nByte     gt20l16p1y.o
    0x08004b18   0x00000074   Code   RO         1175    i.GetField          gps.o
    0x08004b8c   0x000000b0   Code   RO          778    i.Get_Temperature   gsm_user_api.o
    0x08004c3c   0x00000044   Code   RO          779    i.Gsenser_ReadREG   gsm_user_api.o
    0x08004c80   0x00000058   Code   RO          780    i.Gsenser_ReadREG2  gsm_user_api.o
    0x08004cd8   0x00000100   Code   RO          782    i.Gsenser_SHOW_XYZ  gsm_user_api.o
    0x08004dd8   0x00000060   Code   RO          783    i.Gsenser_WriteREG  gsm_user_api.o
    0x08004e38   0x00000050   Code   RO         1132    i.I2DECa8           gsm_gb2312_unicode.o
    0x08004e88   0x00000020   Code   RO         1134    i.I2HEXa8           gsm_gb2312_unicode.o
    0x08004ea8   0x00000010   Code   RO         3677    i.IWDG_Enable       stm32f10x_iwdg.o
    0x08004eb8   0x00000010   Code   RO         3679    i.IWDG_ReloadCounter  stm32f10x_iwdg.o
    0x08004ec8   0x0000000c   Code   RO         3680    i.IWDG_SetPrescaler  stm32f10x_iwdg.o
    0x08004ed4   0x0000000c   Code   RO         3681    i.IWDG_SetReload    stm32f10x_iwdg.o
    0x08004ee0   0x0000000c   Code   RO         3682    i.IWDG_WriteAccessCmd  stm32f10x_iwdg.o
    0x08004eec   0x00000064   Code   RO          784    i.Key_Number_Init   gsm_user_api.o
    0x08004f50   0x0000007e   Code   RO         1459    i.LCD_SHOW_CN15x16_String  gt20l16p1y.o
    0x08004fce   0x00000002   PAD
    0x08004fd0   0x00000128   Code   RO         1460    i.LCD_Show_CN_Char  gt20l16p1y.o
    0x080050f8   0x00000002   Code   RO         4617    i.OSDebugInit       os_dbg.o
    0x080050fa   0x00000002   PAD
    0x080050fc   0x00000040   Code   RO         4017    i.OSEventNameSet    os_core.o
    0x0800513c   0x0000016c   Code   RO         4019    i.OSInit            os_core.o
    0x080052a8   0x00000002   Code   RO         4532    i.OSInitHookBegin   os_cpu_c.o
    0x080052aa   0x00000002   Code   RO         4533    i.OSInitHookEnd     os_cpu_c.o
    0x080052ac   0x00000070   Code   RO         4021    i.OSIntExit         os_core.o
    0x0800531c   0x00000050   Code   RO         4344    i.OSSemCreate       os_sem.o
    0x0800536c   0x000000c4   Code   RO         4346    i.OSSemPend         os_sem.o
    0x08005430   0x00000052   Code   RO         4348    i.OSSemPost         os_sem.o
    0x08005482   0x00000002   PAD
    0x08005484   0x00000040   Code   RO         4024    i.OSStart           os_core.o
    0x080054c4   0x00000034   Code   RO         4025    i.OSStatInit        os_core.o
    0x080054f8   0x00000004   Code   RO         4534    i.OSTCBInitHook     os_cpu_c.o
    0x080054fc   0x000000bc   Code   RO         4399    i.OSTaskCreateExt   os_task.o
    0x080055b8   0x00000004   Code   RO         4535    i.OSTaskCreateHook  os_cpu_c.o
    0x080055bc   0x00000004   Code   RO         4537    i.OSTaskIdleHook    os_cpu_c.o
    0x080055c0   0x0000005c   Code   RO         4403    i.OSTaskNameSet     os_task.o
    0x0800561c   0x00000004   Code   RO         4538    i.OSTaskStatHook    os_cpu_c.o
    0x08005620   0x00000084   Code   RO         4408    i.OSTaskStkChk      os_task.o
    0x080056a4   0x00000074   Code   RO         4539    i.OSTaskStkInit     os_cpu_c.o
    0x08005718   0x00000098   Code   RO         4409    i.OSTaskSuspend     os_task.o
    0x080057b0   0x00000004   Code   RO         4540    i.OSTaskSwHook      os_cpu_c.o
    0x080057b4   0x00000060   Code   RO         4487    i.OSTimeDly         os_time.o
    0x08005814   0x0000004c   Code   RO         4488    i.OSTimeDlyHMSM     os_time.o
    0x08005860   0x000000b4   Code   RO         4026    i.OSTimeTick        os_core.o
    0x08005914   0x00000004   Code   RO         4541    i.OSTimeTickHook    os_cpu_c.o
    0x08005918   0x00000010   Code   RO          344    i.OS_CPU_SysTickClkFreq  bsp.o
    0x08005928   0x00000024   Code   RO         4542    i.OS_CPU_SysTickHandler  os_cpu_c.o
    0x0800594c   0x00000028   Code   RO         4543    i.OS_CPU_SysTickInit  os_cpu_c.o
    0x08005974   0x00000098   Code   RO         4029    i.OS_EventTaskRdy   os_core.o
    0x08005a0c   0x00000024   Code   RO         4030    i.OS_EventTaskRemove  os_core.o
    0x08005a30   0x00000036   Code   RO         4031    i.OS_EventTaskRemoveMulti  os_core.o
    0x08005a66   0x00000002   PAD
    0x08005a68   0x0000005c   Code   RO         4032    i.OS_EventTaskWait  os_core.o
    0x08005ac4   0x00000018   Code   RO         4034    i.OS_EventWaitListInit  os_core.o
    0x08005adc   0x00000048   Code   RO         4199    i.OS_FlagInit       os_flag.o
    0x08005b24   0x00000016   Code   RO         4035    i.OS_MemClr         os_core.o
    0x08005b3a   0x00000002   PAD
    0x08005b3c   0x00000064   Code   RO         4037    i.OS_Sched          os_core.o
    0x08005ba0   0x00000130   Code   RO         4039    i.OS_TCBInit        os_core.o
    0x08005cd0   0x0000001c   Code   RO         4040    i.OS_TaskIdle       os_core.o
    0x08005cec   0x00000090   Code   RO         4041    i.OS_TaskStat       os_core.o
    0x08005d7c   0x000000b8   Code   RO         1177    i.ProcessCommand    gps.o
    0x08005e34   0x000001f0   Code   RO         1178    i.ProcessGPGGA      gps.o
    0x08006024   0x000000dc   Code   RO         1179    i.ProcessGPGSA      gps.o
    0x08006100   0x000001c8   Code   RO         1180    i.ProcessGPGSV      gps.o
    0x080062c8   0x000001e0   Code   RO         1181    i.ProcessGPRMB      gps.o
    0x080064a8   0x00000228   Code   RO         1182    i.ProcessGPRMC      gps.o
    0x080066d0   0x00000108   Code   RO         1183    i.ProcessGPZDA      gps.o
    0x080067d8   0x000000e4   Code   RO         1184    i.ProcessNMEA       gps.o
    0x080068bc   0x00000002   Code   RO         1029    i.Process_CMGR      gsm_processes.o
    0x080068be   0x00000002   PAD
    0x080068c0   0x0000016c   Code   RO         1030    i.Process_CMT       gsm_processes.o
    0x08006a2c   0x00000078   Code   RO         1031    i.Process_CSCA      gsm_processes.o
    0x08006aa4   0x000000d8   Code   RO         1032    i.Process_GSMLOC    gsm_processes.o
    0x08006b7c   0x00000058   Code   RO         1033    i.Process_IPD       gsm_processes.o
    0x08006bd4   0x00000014   Code   RO         1721    i.RCC_ADCCLKConfig  stm32f10x_rcc.o
    0x08006be8   0x00000018   Code   RO         1722    i.RCC_AHBPeriphClockCmd  stm32f10x_rcc.o
    0x08006c00   0x00000018   Code   RO         1725    i.RCC_APB2PeriphClockCmd  stm32f10x_rcc.o
    0x08006c18   0x0000003c   Code   RO         1732    i.RCC_DeInit        stm32f10x_rcc.o
    0x08006c54   0x000000a4   Code   RO         1733    i.RCC_GetClocksFreq  stm32f10x_rcc.o
    0x08006cf8   0x00000030   Code   RO         1734    i.RCC_GetFlagStatus  stm32f10x_rcc.o
    0x08006d28   0x00000010   Code   RO         1736    i.RCC_GetSYSCLKSource  stm32f10x_rcc.o
    0x08006d38   0x00000014   Code   RO         1737    i.RCC_HCLKConfig    stm32f10x_rcc.o
    0x08006d4c   0x00000038   Code   RO         1738    i.RCC_HSEConfig     stm32f10x_rcc.o
    0x08006d84   0x00000014   Code   RO         1744    i.RCC_PCLK1Config   stm32f10x_rcc.o
    0x08006d98   0x00000014   Code   RO         1745    i.RCC_PCLK2Config   stm32f10x_rcc.o
    0x08006dac   0x0000000c   Code   RO         1746    i.RCC_PLLCmd        stm32f10x_rcc.o
    0x08006db8   0x00000014   Code   RO         1747    i.RCC_PLLConfig     stm32f10x_rcc.o
    0x08006dcc   0x00000014   Code   RO         1750    i.RCC_SYSCLKConfig  stm32f10x_rcc.o
    0x08006de0   0x00000040   Code   RO         1752    i.RCC_WaitForHSEStartUp  stm32f10x_rcc.o
    0x08006e20   0x00000012   Code   RO         2926    i.SPI_Cmd           stm32f10x_spi.o
    0x08006e32   0x0000000e   Code   RO         2934    i.SPI_I2S_GetFlagStatus  stm32f10x_spi.o
    0x08006e40   0x00000004   Code   RO         2937    i.SPI_I2S_ReceiveData  stm32f10x_spi.o
    0x08006e44   0x00000004   Code   RO         2938    i.SPI_I2S_SendData  stm32f10x_spi.o
    0x08006e48   0x00000054   Code   RO         2939    i.SPI_Init          stm32f10x_spi.o
    0x08006e9c   0x00000034   Code   RO          788    i.SPI_WriteByte     gsm_user_api.o
    0x08006ed0   0x00000042   Code   RO          890    i.StrCat            gsm_txd.o
    0x08006f12   0x0000005a   Code   RO         1336    i.TFT_FSMCConfig    tftdriver.o
    0x08006f6c   0x00000298   Code   RO         1338    i.TFT_Init          tftdriver.o
    0x08007204   0x00000090   Code   RO         1339    i.TFT_RAMString     tftdriver.o
    0x08007294   0x00000030   Code   RO         1340    i.TFT_SET_Window    tftdriver.o
    0x080072c4   0x000001dc   Code   RO         1343    i.TFT_ShowChar      tftdriver.o
    0x080074a0   0x000000c0   Code   RO         1345    i.TFT_ShowHEX16     tftdriver.o
    0x08007560   0x00000094   Code   RO         1346    i.TFT_ShowNum       tftdriver.o
    0x080075f4   0x0000006c   Code   RO         1347    i.TFT_ShowPicture   tftdriver.o
    0x08007660   0x00000090   Code   RO         1349    i.TFT_ShowString    tftdriver.o
    0x080076f0   0x00000006   Code   RO         2753    i.USART_ClearFlag   stm32f10x_usart.o
    0x080076f6   0x0000000e   Code   RO         2754    i.USART_ClearITPendingBit  stm32f10x_usart.o
    0x08007704   0x00000024   Code   RO         2755    i.USART_ClockInit   stm32f10x_usart.o
    0x08007728   0x00000012   Code   RO         2757    i.USART_Cmd         stm32f10x_usart.o
    0x0800773a   0x0000000e   Code   RO         2760    i.USART_GetFlagStatus  stm32f10x_usart.o
    0x08007748   0x00000042   Code   RO         2761    i.USART_GetITStatus  stm32f10x_usart.o
    0x0800778a   0x00000030   Code   RO         2763    i.USART_ITConfig    stm32f10x_usart.o
    0x080077ba   0x00000002   PAD
    0x080077bc   0x00000090   Code   RO         2764    i.USART_Init        stm32f10x_usart.o
    0x0800784c   0x00000008   Code   RO         2769    i.USART_ReceiveData  stm32f10x_usart.o
    0x08007854   0x00000008   Code   RO         2772    i.USART_SendData    stm32f10x_usart.o
    0x0800785c   0x00000028   Code   RO         4967    i.__ARM_fpclassify  m_ws.l(fpclassify.o)
    0x08007884   0x00000010   Code   RO         5136    i.__mathlib_dbl_underflow  m_ws.l(dunder.o)
    0x08007894   0x00000010   Code   RO         5050    i.__mathlib_narrow  m_ws.l(narrow.o)
    0x080078a4   0x00000088   Code   RO         5051    i.__mathlib_tofloat  m_ws.l(narrow.o)
    0x0800792c   0x00000016   Code   RO         5102    i.__support_ldexp   m_ws.l(ldexp.o)
    0x08007942   0x0000000e   Code   RO         4786    i._is_digit         c_w.l(__printf_wp.o)
    0x08007950   0x0000002a   Code   RO         4858    i.atof              m_ws.l(atof.o)
    0x0800797a   0x00000002   PAD
    0x0800797c   0x00000058   Code   RO         5079    i.frexp             m_ws.l(frexp.o)
    0x080079d4   0x0000007e   Code   RO         5103    i.ldexp             m_ws.l(ldexp.o)
    0x08007a52   0x00000002   PAD
    0x08007a54   0x00000060   Code   RO           11    i.main              app.o
    0x08007ab4   0x0000002c   Code   RO         4961    locale$$code        c_w.l(lc_numeric_c.o)
    0x08007ae0   0x0000002c   Code   RO         4976    locale$$code        c_w.l(lc_ctype_c.o)
    0x08007b0c   0x00000062   Code   RO         5074    x$fpl$d2f           fz_ws.l(d2f.o)
    0x08007b6e   0x00000002   PAD
    0x08007b70   0x00000150   Code   RO         4815    x$fpl$dadd          fz_ws.l(daddsub_clz.o)
    0x08007cc0   0x00000010   Code   RO         5134    x$fpl$dcheck1       fz_ws.l(dcheck1.o)
    0x08007cd0   0x00000018   Code   RO         4882    x$fpl$dcmpinf       fz_ws.l(dcmpi.o)
    0x08007ce8   0x000002b0   Code   RO         4822    x$fpl$ddiv          fz_ws.l(ddiv.o)
    0x08007f98   0x00000078   Code   RO         4825    x$fpl$deqf          fz_ws.l(deqf.o)
    0x08008010   0x0000002e   Code   RO         4828    x$fpl$dflt          fz_ws.l(dflt_clz.o)
    0x0800803e   0x00000002   PAD
    0x08008040   0x00000078   Code   RO         5097    x$fpl$dleqf         fz_ws.l(dleqf.o)
    0x080080b8   0x0000009c   Code   RO         4884    x$fpl$dnaninf       fz_ws.l(dnaninf.o)
    0x08008154   0x0000000c   Code   RO         4886    x$fpl$dretinf       fz_ws.l(dretinf.o)
    0x08008160   0x0000006c   Code   RO         5076    x$fpl$drleqf        fz_ws.l(drleqf.o)
    0x080081cc   0x000001d4   Code   RO         4817    x$fpl$dsub          fz_ws.l(daddsub_clz.o)
    0x080083a0   0x000000c4   Code   RO         4833    x$fpl$fadd          fz_ws.l(faddsub_clz.o)
    0x08008464   0x00000184   Code   RO         4840    x$fpl$fdiv          fz_ws.l(fdiv.o)
    0x080085e8   0x0000003e   Code   RO         4843    x$fpl$ffixu         fz_ws.l(ffixu.o)
    0x08008626   0x00000002   PAD
    0x08008628   0x00000026   Code   RO         4847    x$fpl$ffltu         fz_ws.l(fflt_clz.o)
    0x0800864e   0x00000002   PAD
    0x08008650   0x00000102   Code   RO         4853    x$fpl$fmul          fz_ws.l(fmul.o)
    0x08008752   0x0000008c   Code   RO         4888    x$fpl$fnaninf       fz_ws.l(fnaninf.o)
    0x080087de   0x0000000a   Code   RO         4890    x$fpl$fretinf       fz_ws.l(fretinf.o)
    0x080087e8   0x000000ea   Code   RO         4835    x$fpl$fsub          fz_ws.l(faddsub_clz.o)
    0x080088d2   0x00000004   Code   RO         4855    x$fpl$printf1       fz_ws.l(printf1.o)
    0x080088d6   0x00000064   Code   RO         5143    x$fpl$retnan        fz_ws.l(retnan.o)
    0x0800893a   0x0000005c   Code   RO         5099    x$fpl$scalbn        fz_ws.l(scalbn.o)
    0x08008996   0x00000004   Code   RO         4965    x$fpl$scanf1        fz_ws.l(scanf1.o)
    0x0800899a   0x00000008   Code   RO         5048    x$fpl$scanf2        fz_ws.l(scanf2b.o)
    0x080089a2   0x00000030   Code   RO         5149    x$fpl$trapveneer    fz_ws.l(trapv.o)
    0x080089d2   0x00000000   Code   RO         4892    x$fpl$usenofp       fz_ws.l(usenofp.o)
    0x080089d2   0x00000002   PAD
    0x080089d4   0x00000047   Data   RO          742    .constdata          gsm_tasks.o
    0x08008a1b   0x00000001   PAD
    0x08008a1c   0x0000011a   Data   RO          790    .constdata          gsm_user_api.o
    0x08008b36   0x00000002   PAD
    0x08008b38   0x00000064   Data   RO          893    .constdata          gsm_txd.o
    0x08008b9c   0x00007454   Data   RO         1136    .constdata          gsm_gb2312_unicode.o
    0x0800fff0   0x00025800   Data   RO         1186    .constdata          gps.o
    0x080357f0   0x00001cb0   Data   RO         1350    .constdata          tftdriver.o
    0x080374a0   0x00000014   Data   RO         1753    .constdata          stm32f10x_rcc.o
    0x080374b4   0x00000100   Data   RO         4045    .constdata          os_core.o
    0x080375b4   0x00000094   Data   RO         4936    .constdata          c_w.l(bigflt0.o)
    0x08037648   0x00000020   Data   RO         5167    Region$$Table       anon$$obj.o
    0x08037668   0x00000008   Data   RO         5039    c$$dinf             fz_ws.l(fpconst.o)
    0x08037670   0x0000001c   Data   RO         4960    locale$$data        c_w.l(lc_numeric_c.o)
    0x0803768c   0x00000110   Data   RO         4975    locale$$data        c_w.l(lc_ctype_c.o)


    Execution Region RW_IRAM1 (Base: 0x20000000, Size: 0x00002778, Max: 0x00010000, ABSOLUTE)

    Base Addr    Size         Type   Attr      Idx    E Section Name        Object

    0x20000000   0x00000004   Data   RW          244    .data               eeprom.o
    0x20000004   0x00000008   Data   RW          349    .data               bsp.o
    0x2000000c   0x00000008   Data   RW          791    .data               gsm_user_api.o
    0x20000014   0x0000000a   Data   RW          999    .data               gsm_rxd.o
    0x2000001e   0x00000002   PAD
    0x20000020   0x00000018   Data   RW         1187    .data               gps.o
    0x20000038   0x00000008   Data   RW         1351    .data               tftdriver.o
    0x20000040   0x00000004   Data   RW         1461    .data               gt20l16p1y.o
    0x20000044   0x00000008   Data   RW         1754    .data               stm32f10x_rcc.o
    0x2000004c   0x00000038   Data   RW         4046    .data               os_core.o
    0x20000084   0x00000004   Data   RW         4047    .data               os_core.o
    0x20000088   0x00000800   Zero   RW           12    .bss                app.o
    0x20000888   0x00000040   Zero   RW          345    .bss                bsp.o
    0x200008c8   0x000000a8   Zero   RW          438    .bss                bsp_int.o
    0x20000970   0x00000200   Zero   RW          741    .bss                gsm_tasks.o
    0x20000b70   0x0000044c   Zero   RW          892    .bss                gsm_txd.o
    0x20000fbc   0x0000019f   Zero   RW          998    .bss                gsm_rxd.o
    0x2000115b   0x00000001   PAD
    0x2000115c   0x000002f3   Zero   RW         1034    .bss                gsm_processes.o
    0x2000144f   0x00000016   Zero   RW         1035    .bss                gsm_processes.o
    0x20001465   0x00000003   PAD
    0x20001468   0x00000830   Zero   RW         1185    .bss                gps.o
    0x20001c98   0x00000a30   Zero   RW         4043    .bss                os_core.o
    0x200026c8   0x00000050   Zero   RW         4044    .bss                os_core.o
    0x20002718   0x00000060   Zero   RW         4894    .bss                c_w.l(libspace.o)


    Execution Region ARM_LIB_HEAP (Base: 0x20004000, Size: 0x00000800, Max: 0x00000800, ABSOLUTE, UNINIT)

    Base Addr    Size         Type   Attr      Idx    E Section Name        Object

    0x20004000   0x00000800   Zero   RW            1    ARM_LIB_HEAP.bss    anon$$obj.o


    Execution Region ARM_LIB_STACK (Base: 0x2000f800, Size: 0x00000800, Max: 0x00000800, ABSOLUTE, UNINIT)

    Base Addr    Size         Type   Attr      Idx    E Section Name        Object

    0x2000f800   0x00000800   Zero   RW            2    ARM_LIB_STACK.bss   anon$$obj.o


==============================================================================

Image component sizes


      Code (inc. data)   RO Data    RW Data    ZI Data      Debug   Object Name

       236         32          0          0       2048      93301   app.o
      1048         78          0          8         64       7127   bsp.o
       406         22          0          0        168      19011   bsp_int.o
       152         42          0          0          0        503   bsp_periph.o
        42          0          0          0          0        284   cpu_a.o
       196         20          0          0          0        763   cpu_c.o
      1088         62          0          4          0       5371   eeprom.o
      3970        344     153600         24       2096      12306   gps.o
       312         26          0          0          0       1756   gps_com_driver.o
       396         36          0          0          0       2680   gsm_com_driver.o
       372         10      29780          0          0       2697   gsm_gb2312_unicode.o
       790         18          0          0        777       4990   gsm_processes.o
       534         94          0         10        415       3324   gsm_rxd.o
      1248        362         71          0        512       3914   gsm_tasks.o
      1990        534        100          0       1100       7310   gsm_txd.o
      1204        134        282          8          0       7338   gsm_user_api.o
       726         26          0          4          0       3348   gt20l16p1y.o
         8          4          0          0          0        248   init.o
      1792        188        256         60       2688      19100   os_core.o
       164         32          0          0          0        340   os_cpu_a.o
       220          6          0          0          0      14497   os_cpu_c.o
         2          0          0          0          0        394   os_dbg.o
        72         14          0          0          0        502   os_flag.o
       358         26          0          0          0       2070   os_sem.o
       564         52          0          0          0       3237   os_task.o
       172         24          0          0          0       1352   os_time.o
       326          6          0          0          0       6017   stm32f10x_adc.o
       404         36          0          0          0       3827   stm32f10x_dma.o
       332         40          0          0          0       4481   stm32f10x_flash.o
       254          6          0          0          0       1565   stm32f10x_fsmc.o
       210          0          0          0          0       2808   stm32f10x_gpio.o
        68         30          0          0          0       2018   stm32f10x_iwdg.o
       588        102         20          8          0       9316   stm32f10x_rcc.o
       124          0          0          0          0       2922   stm32f10x_spi.o
       362          4          0          0          0       6047   stm32f10x_usart.o
      2014         84       7344          8          0       7562   tftdriver.o
       248        236          0          0          0        288   vectors.o

    ----------------------------------------------------------------------
     23024       2730     191488        136      13968     264614   Object Totals
         0          0         32          0       4096          0   (incl. Generated)
        32          0          3          2          4          0   (incl. Padding)

    ----------------------------------------------------------------------

      Code (inc. data)   RO Data    RW Data    ZI Data      Debug   Library Member Name

         8          0          0          0          0         68   __main.o
       284          0          0          0          0        156   __printf_wp.o
        52          8          0          0          0          0   __scatter.o
        26          0          0          0          0          0   __scatter_copy.o
        28          0          0          0          0          0   __scatter_zi.o
        28          0          0          0          0         68   _chval.o
        48          6          0          0          0         96   _printf_char_common.o
         6          0          0          0          0          0   _printf_d.o
       120         18          0          0          0         92   _printf_dec.o
         6          0          0          0          0          0   _printf_f.o
      1056          0          0          0          0        212   _printf_fp_dec.o
       128         16          0          0          0         84   _printf_fp_infnan.o
       184          0          0          0          0         88   _printf_intcommon.o
        82          0          0          0          0        108   _printf_pad.o
         0          0          0          0          0          0   _printf_percent.o
         4          0          0          0          0          0   _printf_percent_end.o
        22          0          0          0          0        100   _rserrno.o
        64          0          0          0          0         84   _sgetc.o
        10          0          0          0          0         68   _sputc.o
       158          0          0          0          0         92   _strtoul.o
        26          0          0          0          0         80   atoi.o
        26          0          0          0          0         80   atol.o
       228          6        148          0          0         96   bigflt0.o
      2074        132          0          0          0        940   btod.o
         2          0          0          0          0         68   compat_c99.o
        12          0          0          0          0         72   exit.o
         0          0          0          0          0          0   indicate_semi.o
        18          0          0          0          0         76   isspace.o
        44         10        272          0          0         76   lc_ctype_c.o
        44         10         28          0          0         76   lc_numeric_c.o
         2          0          0          0          0          0   libinit.o
        30          0          0          0          0          0   libinit2.o
         2          0          0          0          0          0   libshutdown.o
         2          0          0          0          0          0   libshutdown2.o
         0          0          0          0         96          0   libspace.o
        38          0          0          0          0         68   llshl.o
       138          0          0          0          0         80   lludiv10.o
        40          6          0          0          0         84   noretval__2sprintf.o
        16          4          0          0          0         76   rt_ctype_table.o
         8          4          0          0          0         68   rt_errno_addr_intlibspace.o
         8          4          0          0          0         68   rt_locale_intlibspace.o
         0          0          0          0          0          0   rtentry.o
        12          0          0          0          0          0   rtentry2.o
         8          4          0          0          0          0   rtentry7.o
         2          0          0          0          0          0   rtexit.o
        10          0          0          0          0          0   rtexit2.o
      1188         12          0          0          0        144   scanf_fp.o
       788         12          0          0          0         96   scanf_hexfp.o
       316         18          0          0          0         96   scanf_infnan.o
        24          0          0          0          0         68   strcat.o
       128          0          0          0          0         68   strcmpv7m.o
        72          0          0          0          0         80   strcpy.o
        62          0          0          0          0         76   strlen.o
       160         12          0          0          0        120   strtod.o
       112          0          0          0          0         88   strtol.o
        12          4          0          0          0         68   sys_exit.o
         2          0          0          0          0         68   use_no_semi.o
        98          4          0          0          0         92   d2f.o
       804         16          0          0          0        280   daddsub_clz.o
        16          4          0          0          0         68   dcheck1.o
        24          0          0          0          0         68   dcmpi.o
       688        140          0          0          0        212   ddiv.o
       120          4          0          0          0         92   deqf.o
        46          0          0          0          0         68   dflt_clz.o
       120          4          0          0          0         92   dleqf.o
       156          4          0          0          0         92   dnaninf.o
        12          0          0          0          0         68   dretinf.o
       108          0          0          0          0         80   drleqf.o
       430          8          0          0          0        168   faddsub_clz.o
       388         76          0          0          0         96   fdiv.o
        62          4          0          0          0         84   ffixu.o
        38          0          0          0          0         68   fflt_clz.o
       258          4          0          0          0         84   fmul.o
       140          4          0          0          0         84   fnaninf.o
         0          0          8          0          0          0   fpconst.o
        10          0          0          0          0         68   fretinf.o
         4          0          0          0          0         68   printf1.o
       100          0          0          0          0         68   retnan.o
        92          0          0          0          0         68   scalbn.o
         4          0          0          0          0         68   scanf1.o
         8          0          0          0          0         84   scanf2b.o
        48          0          0          0          0         68   trapv.o
         0          0          0          0          0          0   usenofp.o
        42          0          0          0          0         84   atof.o
        16          6          0          0          0         68   dunder.o
        40          0          0          0          0         68   fpclassify.o
        88          8          0          0          0         76   frexp.o
       148          0          0          0          0        160   ldexp.o
       152          4          0          0          0        160   narrow.o

    ----------------------------------------------------------------------
     12260        578        456          0         96       7200   Library Totals
        32          2          0          0          0          0   (incl. Padding)

    ----------------------------------------------------------------------

      Code (inc. data)   RO Data    RW Data    ZI Data      Debug   Library Name

      7968        286        448          0         96       4296   c_w.l
      3774        272          8          0          0       2288   fz_ws.l
       486         18          0          0          0        616   m_ws.l

    ----------------------------------------------------------------------
     12260        578        456          0         96       7200   Library Totals

    ----------------------------------------------------------------------

==============================================================================


      Code (inc. data)   RO Data    RW Data    ZI Data      Debug   

     35284       3308     191944        136      14064     255330   Grand Totals
     35284       3308     191944        136      14064     255330   ELF Image Totals
     35284       3308     191944        136          0          0   ROM Totals

==============================================================================

    Total RO  Size (Code + RO Data)               227228 ( 221.90kB)
    Total RW  Size (RW Data + ZI Data)             14200 (  13.87kB)
    Total ROM Size (Code + RO Data + RW Data)     227364 ( 222.04kB)

==============================================================================

