<html>
<body>
<pre>
<h1>礦ision Build Log</h1>
<h2>Project:</h2>
D:\GSM项目\【1】程序实例\【本店制作】【STM32工程代码】【SIM900】\【实验00】STM32+TFT2.8(FSMC)+GPS+SIM900【整板驱动】\MainPRO.uvproj
Project File Date:  05/22/2013

<h2>Output:</h2>
Build target 'Flash'
compiling app.c...
linking...
Program Size: Code=35284 RO-data=191944 RW-data=136 ZI-data=14064  
FromELF: creating hex file...
".\Output\MainHEX.axf" - 0 Error(s), 0 Warning(s).
Load "D:\\GSM项目\\【1】程序实例\\【本店制作】【STM32工程代码】【SIM900】\\【实验00】STM32+TFT2.8(FSMC)+GPS+SIM900【整板驱动】\\Output\\MainHEX.AXF" 
Load "D:\\GSM项目\\【1】程序实例\\【本店制作】【STM32工程代码】【SIM900】\\【实验00】STM32+TFT2.8(FSMC)+GPS+SIM900【整板驱动】\\Output\\MainHEX.AXF" 
Load "D:\\GSM项目\\【1】程序实例\\【本店制作】【STM32工程代码】【SIM900】\\【实验00】STM32+TFT2.8(FSMC)+GPS+SIM900【整板驱动】\\Output\\MainHEX.AXF" 
Load "D:\\GSM项目\\【1】程序实例\\【本店制作】【STM32工程代码】【SIM900】\\【实验00】STM32+TFT2.8(FSMC)+GPS+SIM900【整板驱动】\\Output\\MainHEX.AXF" 
No Algorithm found for: 08000000H - 0800FFFFH
No Algorithm found for: 08010000H - 0801FFFFH
No Algorithm found for: 08020000H - 0802FFFFH
No Algorithm found for: 08030000H - 08037823H
Erase skipped!
Load "D:\\GSM项目\\【1】程序实例\\【本店制作】【STM32工程代码】【SIM900】\\【实验00】STM32+TFT2.8(FSMC)+GPS+SIM900【整板驱动】\\Output\\MainHEX.AXF" 
No Algorithm found for: 08000000H - 0800FFFFH
No Algorithm found for: 08010000H - 0801FFFFH
No Algorithm found for: 08020000H - 0802FFFFH
No Algorithm found for: 08030000H - 08037823H
Erase skipped!
Build target 'Flash'
compiling GSM_Tasks.c...
linking...
Program Size: Code=35492 RO-data=191944 RW-data=136 ZI-data=14064  
FromELF: creating hex file...
".\Output\MainHEX.axf" - 0 Error(s), 0 Warning(s).
Build target 'Flash'
compiling GSM_Tasks.c...
compiling GSM_COM_Driver.c...
linking...
Program Size: Code=35284 RO-data=191944 RW-data=136 ZI-data=14064  
FromELF: creating hex file...
".\Output\MainHEX.axf" - 0 Error(s), 0 Warning(s).
